[bench_core] 1080 runs to do (0 already recorded), 11 worker(s) -> C:\Users\nisha\Quantum-Route-solver\results\runs\bench_core.jsonl
  [1/1080] A-n32-k5 qpso time=30 seed=15345: D=784.0 gap=0.00% evals=5445 30.00s ls=1331
  [2/1080] A-n32-k5 ortools time=30 seed=15345: D=784.0 gap=0.00% evals=0 29.91s ls=0
  [3/1080] A-n32-k5 pso_ls time=30 seed=15345: D=784.0 gap=0.00% evals=5280 30.00s ls=1319
  [4/1080] A-n32-k5 ga_ls time=30 seed=15345: D=832.0 gap=6.12% evals=16570 30.00s ls=4388
  [5/1080] A-n32-k5 sa time=30 seed=15345: D=784.0 gap=0.00% evals=51082 30.00s ls=0
  [6/1080] A-n32-k5 rr_ls time=30 seed=15345: D=784.0 gap=0.00% evals=3480 30.02s ls=864
  [7/1080] A-n32-k5 qpso time=30 seed=15346: D=784.0 gap=0.00% evals=5643 30.00s ls=1369
  [8/1080] A-n32-k5 pso_ls time=30 seed=15346: D=784.0 gap=0.00% evals=3280 30.00s ls=818
  [9/1080] A-n32-k5 ga_ls time=30 seed=15346: D=828.0 gap=5.61% evals=12770 30.00s ls=3378
  [10/1080] A-n32-k5 sa time=30 seed=15346: D=830.0 gap=5.87% evals=51639 30.00s ls=0
  [11/1080] A-n32-k5 rr_ls time=30 seed=15346: D=784.0 gap=0.00% evals=3520 30.01s ls=876
  [12/1080] A-n32-k5 ortools time=30 seed=15346: D=784.0 gap=0.00% evals=0 29.91s ls=0
  [13/1080] A-n32-k5 qpso time=30 seed=15347: D=784.0 gap=0.00% evals=4547 30.00s ls=1104
  [14/1080] A-n32-k5 pso_ls time=30 seed=15347: D=784.0 gap=0.00% evals=3600 30.01s ls=894
  [15/1080] A-n32-k5 ga_ls time=30 seed=15347: D=829.0 gap=5.74% evals=12846 30.00s ls=3399
  [16/1080] A-n32-k5 sa time=30 seed=15347: D=784.0 gap=0.00% evals=54672 30.00s ls=0
  [17/1080] A-n32-k5 rr_ls time=30 seed=15347: D=785.0 gap=0.13% evals=3640 30.01s ls=903
  [18/1080] A-n32-k5 ortools time=30 seed=15347: D=784.0 gap=0.00% evals=0 29.90s ls=0
  [19/1080] A-n32-k5 qpso time=30 seed=15348: D=784.0 gap=0.00% evals=5382 30.00s ls=1313
  [20/1080] A-n32-k5 pso_ls time=30 seed=15348: D=784.0 gap=0.00% evals=5560 30.00s ls=1386
  [21/1080] A-n32-k5 ga_ls time=30 seed=15348: D=796.0 gap=1.53% evals=12466 30.00s ls=3302
  [22/1080] A-n32-k5 sa time=30 seed=15348: D=784.0 gap=0.00% evals=54590 30.00s ls=0
  [23/1080] A-n32-k5 ortools time=30 seed=15348: D=784.0 gap=0.00% evals=0 29.91s ls=0
  [24/1080] A-n32-k5 rr_ls time=30 seed=15348: D=784.0 gap=0.00% evals=3400 30.01s ls=840
  [25/1080] A-n32-k5 pso_ls time=30 seed=15349: D=814.0 gap=3.83% evals=4120 30.02s ls=1026
  [26/1080] A-n32-k5 ga_ls time=30 seed=15349: D=796.0 gap=1.53% evals=11364 30.00s ls=3009
  [27/1080] A-n32-k5 qpso time=30 seed=15349: D=784.0 gap=0.00% evals=4210 30.09s ls=1021
  [28/1080] A-n32-k5 sa time=30 seed=15349: D=784.0 gap=0.00% evals=48905 30.00s ls=0
  [29/1080] A-n32-k5 rr_ls time=30 seed=15349: D=784.0 gap=0.00% evals=3440 30.00s ls=857
  [30/1080] A-n32-k5 ortools time=30 seed=15349: D=784.0 gap=0.00% evals=0 29.90s ls=0
  [31/1080] A-n32-k5 qpso time=30 seed=15350: D=784.0 gap=0.00% evals=3731 30.01s ls=894
  [32/1080] A-n32-k5 pso_ls time=30 seed=15350: D=811.0 gap=3.44% evals=4880 30.01s ls=1223
  [33/1080] A-n32-k5 ga_ls time=30 seed=15350: D=834.0 gap=6.38% evals=10984 30.01s ls=2902
  [34/1080] A-n32-k5 rr_ls time=30 seed=15350: D=784.0 gap=0.00% evals=3200 30.01s ls=792
  [35/1080] A-n32-k5 sa time=30 seed=15350: D=796.0 gap=1.53% evals=45295 30.00s ls=0
  [36/1080] A-n32-k5 ortools time=30 seed=15350: D=784.0 gap=0.00% evals=0 29.91s ls=0
  [37/1080] A-n32-k5 qpso time=30 seed=15351: D=784.0 gap=0.00% evals=3077 30.01s ls=753
  [38/1080] A-n32-k5 pso_ls time=30 seed=15351: D=784.0 gap=0.00% evals=4080 30.01s ls=1016
  [39/1080] A-n32-k5 ga_ls time=30 seed=15351: D=796.0 gap=1.53% evals=10604 30.00s ls=2807
  [40/1080] A-n32-k5 sa time=30 seed=15351: D=784.0 gap=0.00% evals=45433 30.00s ls=0
  [41/1080] A-n32-k5 rr_ls time=30 seed=15351: D=784.0 gap=0.00% evals=3240 30.01s ls=799
  [42/1080] A-n32-k5 ortools time=30 seed=15351: D=784.0 gap=0.00% evals=0 29.91s ls=0
  [43/1080] A-n32-k5 qpso time=30 seed=15352: D=784.0 gap=0.00% evals=3764 30.01s ls=924
  [44/1080] A-n32-k5 pso_ls time=30 seed=15352: D=784.0 gap=0.00% evals=4080 30.01s ls=1016
  [45/1080] A-n32-k5 ga_ls time=30 seed=15352: D=796.0 gap=1.53% evals=11229 30.00s ls=2970
  [46/1080] A-n32-k5 sa time=30 seed=15352: D=831.0 gap=5.99% evals=47172 30.00s ls=0
  [47/1080] A-n32-k5 rr_ls time=30 seed=15352: D=784.0 gap=0.00% evals=3320 30.01s ls=825
  [48/1080] A-n32-k5 ortools time=30 seed=15352: D=784.0 gap=0.00% evals=0 29.90s ls=0
  [49/1080] A-n32-k5 qpso time=30 seed=15353: D=784.0 gap=0.00% evals=5311 30.00s ls=1293
  [50/1080] A-n32-k5 pso_ls time=30 seed=15353: D=784.0 gap=0.00% evals=4960 30.01s ls=1243
  [51/1080] A-n32-k5 ga_ls time=30 seed=15353: D=823.0 gap=4.97% evals=13872 30.00s ls=3673
  [52/1080] A-n32-k5 sa time=30 seed=15353: D=828.0 gap=5.61% evals=47612 30.00s ls=0
  [53/1080] A-n32-k5 rr_ls time=30 seed=15353: D=784.0 gap=0.00% evals=3480 30.01s ls=867
  [54/1080] A-n32-k5 ortools time=30 seed=15353: D=784.0 gap=0.00% evals=0 29.91s ls=0
  [55/1080] A-n32-k5 qpso time=30 seed=15354: D=784.0 gap=0.00% evals=4400 30.01s ls=1064
  [56/1080] A-n32-k5 pso_ls time=30 seed=15354: D=784.0 gap=0.00% evals=4240 30.01s ls=1059
  [57/1080] A-n32-k5 ga_ls time=30 seed=15354: D=818.0 gap=4.34% evals=12894 30.00s ls=3414
  [58/1080] A-n32-k5 sa time=30 seed=15354: D=784.0 gap=0.00% evals=49565 30.00s ls=0
  [59/1080] A-n32-k5 rr_ls time=30 seed=15354: D=784.0 gap=0.00% evals=3480 30.01s ls=866
  [60/1080] A-n32-k5 ortools time=30 seed=15354: D=784.0 gap=0.00% evals=0 29.91s ls=0
  [61/1080] A-n32-k5 qpso time=30 seed=15355: D=784.0 gap=0.00% evals=5849 30.00s ls=1424
  [62/1080] A-n32-k5 pso_ls time=30 seed=15355: D=784.0 gap=0.00% evals=4920 30.01s ls=1225
  [63/1080] A-n32-k5 ga_ls time=30 seed=15355: D=829.0 gap=5.74% evals=12100 30.00s ls=3202
  [64/1080] A-n32-k5 sa time=30 seed=15355: D=830.0 gap=5.87% evals=50189 30.00s ls=0
  [65/1080] A-n32-k5 rr_ls time=30 seed=15355: D=784.0 gap=0.00% evals=3520 30.01s ls=878
  [66/1080] A-n32-k5 ortools time=30 seed=15355: D=784.0 gap=0.00% evals=0 29.91s ls=0
  [67/1080] A-n32-k5 qpso time=30 seed=15356: D=784.0 gap=0.00% evals=5039 30.00s ls=1221
  [68/1080] A-n32-k5 pso_ls time=30 seed=15356: D=784.0 gap=0.00% evals=5440 30.01s ls=1359
  [69/1080] A-n32-k5 ga_ls time=30 seed=15356: D=784.0 gap=0.00% evals=14362 30.00s ls=3798
  [70/1080] A-n32-k5 sa time=30 seed=15356: D=829.0 gap=5.74% evals=50419 30.00s ls=0
  [71/1080] A-n32-k5 ortools time=30 seed=15356: D=784.0 gap=0.00% evals=0 29.91s ls=0
  [72/1080] A-n32-k5 rr_ls time=30 seed=15356: D=785.0 gap=0.13% evals=3520 30.01s ls=877
  [73/1080] A-n32-k5 qpso time=30 seed=15357: D=784.0 gap=0.00% evals=3209 30.01s ls=783
  [74/1080] A-n32-k5 pso_ls time=30 seed=15357: D=784.0 gap=0.00% evals=6400 30.00s ls=1598
  [75/1080] A-n32-k5 ga_ls time=30 seed=15357: D=784.0 gap=0.00% evals=14571 30.00s ls=3859
  [76/1080] A-n32-k5 sa time=30 seed=15357: D=784.0 gap=0.00% evals=50264 30.00s ls=0
  [77/1080] A-n32-k5 rr_ls time=30 seed=15357: D=784.0 gap=0.00% evals=3600 30.01s ls=890
  [78/1080] A-n32-k5 ortools time=30 seed=15357: D=784.0 gap=0.00% evals=0 29.90s ls=0
  [79/1080] A-n32-k5 qpso time=30 seed=15358: D=784.0 gap=0.00% evals=4245 30.01s ls=1021
  [80/1080] A-n32-k5 pso_ls time=30 seed=15358: D=784.0 gap=0.00% evals=5360 30.01s ls=1340
  [81/1080] A-n32-k5 ga_ls time=30 seed=15358: D=804.0 gap=2.55% evals=14011 30.00s ls=3707
  [82/1080] A-n32-k5 rr_ls time=30 seed=15358: D=784.0 gap=0.00% evals=3440 30.00s ls=859
  [83/1080] A-n32-k5 sa time=30 seed=15358: D=784.0 gap=0.00% evals=48746 30.00s ls=0
  [84/1080] A-n32-k5 ortools time=30 seed=15358: D=784.0 gap=0.00% evals=0 29.91s ls=0
  [85/1080] A-n32-k5 qpso time=30 seed=15359: D=812.0 gap=3.57% evals=3392 30.00s ls=818
  [86/1080] A-n32-k5 pso_ls time=30 seed=15359: D=784.0 gap=0.00% evals=5280 30.01s ls=1322
  [87/1080] A-n32-k5 ga_ls time=30 seed=15359: D=814.0 gap=3.83% evals=14330 30.00s ls=3798
  [88/1080] A-n32-k5 sa time=30 seed=15359: D=829.0 gap=5.74% evals=49058 30.00s ls=0
  [89/1080] A-n32-k5 ortools time=30 seed=15359: D=784.0 gap=0.00% evals=0 29.90s ls=0
  [90/1080] A-n32-k5 rr_ls time=30 seed=15359: D=796.0 gap=1.53% evals=3600 30.03s ls=899
  [91/1080] A-n32-k5 qpso time=30 seed=15360: D=784.0 gap=0.00% evals=4515 30.01s ls=1091
  [92/1080] A-n32-k5 pso_ls time=30 seed=15360: D=784.0 gap=0.00% evals=4880 30.00s ls=1221
  [93/1080] A-n32-k5 ga_ls time=30 seed=15360: D=784.0 gap=0.00% evals=14290 30.00s ls=3780
  [94/1080] A-n32-k5 sa time=30 seed=15360: D=784.0 gap=0.00% evals=49907 30.00s ls=0
  [95/1080] A-n32-k5 rr_ls time=30 seed=15360: D=784.0 gap=0.00% evals=3560 30.00s ls=882
  [96/1080] A-n32-k5 ortools time=30 seed=15360: D=784.0 gap=0.00% evals=0 29.90s ls=0
  [97/1080] A-n32-k5 qpso time=30 seed=15361: D=784.0 gap=0.00% evals=3822 30.01s ls=922
  [98/1080] A-n32-k5 pso_ls time=30 seed=15361: D=784.0 gap=0.00% evals=5160 30.01s ls=1288
  [99/1080] A-n32-k5 ga_ls time=30 seed=15361: D=784.0 gap=0.00% evals=14518 30.00s ls=3849
  [100/1080] A-n32-k5 sa time=30 seed=15361: D=829.0 gap=5.74% evals=50795 30.00s ls=0
  [101/1080] A-n32-k5 rr_ls time=30 seed=15361: D=784.0 gap=0.00% evals=3600 30.01s ls=895
  [102/1080] A-n32-k5 ortools time=30 seed=15361: D=784.0 gap=0.00% evals=0 29.90s ls=0
  [103/1080] A-n32-k5 qpso time=30 seed=15362: D=784.0 gap=0.00% evals=4303 30.01s ls=1047
  [104/1080] A-n32-k5 pso_ls time=30 seed=15362: D=784.0 gap=0.00% evals=4680 30.01s ls=1172
  [105/1080] A-n32-k5 ga_ls time=30 seed=15362: D=813.0 gap=3.70% evals=15012 30.00s ls=3978
  [106/1080] A-n32-k5 sa time=30 seed=15362: D=784.0 gap=0.00% evals=50647 30.00s ls=0
  [107/1080] A-n32-k5 rr_ls time=30 seed=15362: D=784.0 gap=0.00% evals=3600 30.00s ls=894
  [108/1080] A-n32-k5 ortools time=30 seed=15362: D=784.0 gap=0.00% evals=0 29.90s ls=0
  [109/1080] A-n32-k5 qpso time=30 seed=15363: D=784.0 gap=0.00% evals=6235 30.00s ls=1526
  [110/1080] A-n32-k5 pso_ls time=30 seed=15363: D=784.0 gap=0.00% evals=5600 30.00s ls=1400
  [111/1080] A-n32-k5 ga_ls time=30 seed=15363: D=796.0 gap=1.53% evals=12601 30.00s ls=3333
  [112/1080] A-n32-k5 sa time=30 seed=15363: D=784.0 gap=0.00% evals=53727 30.00s ls=0
  [113/1080] A-n32-k5 rr_ls time=30 seed=15363: D=784.0 gap=0.00% evals=3600 30.01s ls=898
  [114/1080] A-n32-k5 ortools time=30 seed=15363: D=784.0 gap=0.00% evals=0 29.91s ls=0
  [115/1080] A-n32-k5 qpso time=30 seed=15364: D=784.0 gap=0.00% evals=4010 30.00s ls=967
  [116/1080] A-n32-k5 pso_ls time=30 seed=15364: D=784.0 gap=0.00% evals=4000 30.02s ls=1000
  [117/1080] A-n32-k5 ga_ls time=30 seed=15364: D=796.0 gap=1.53% evals=12618 30.00s ls=3342
  [118/1080] A-n32-k5 sa time=30 seed=15364: D=815.0 gap=3.95% evals=53924 30.00s ls=0
  [119/1080] A-n32-k5 rr_ls time=30 seed=15364: D=784.0 gap=0.00% evals=3760 30.00s ls=938
  [120/1080] A-n32-k5 ortools time=30 seed=15364: D=784.0 gap=0.00% evals=0 29.91s ls=0
  [121/1080] A-n32-k5 qpso time=30 seed=15365: D=784.0 gap=0.00% evals=3678 30.01s ls=883
  [122/1080] A-n32-k5 pso_ls time=30 seed=15365: D=784.0 gap=0.00% evals=3600 30.01s ls=895
  [123/1080] A-n32-k5 ga_ls time=30 seed=15365: D=784.0 gap=0.00% evals=14336 30.00s ls=3798
  [124/1080] A-n32-k5 sa time=30 seed=15365: D=829.0 gap=5.74% evals=49947 30.00s ls=0
  [125/1080] A-n32-k5 rr_ls time=30 seed=15365: D=796.0 gap=1.53% evals=3440 30.01s ls=857
  [126/1080] A-n32-k5 ortools time=30 seed=15365: D=784.0 gap=0.00% evals=0 29.90s ls=0
  [127/1080] A-n32-k5 qpso time=30 seed=15366: D=784.0 gap=0.00% evals=3174 30.02s ls=772
  [128/1080] A-n32-k5 pso_ls time=30 seed=15366: D=784.0 gap=0.00% evals=6240 30.00s ls=1566
  [129/1080] A-n32-k5 ga_ls time=30 seed=15366: D=849.0 gap=8.29% evals=10989 30.00s ls=2909
  [130/1080] A-n32-k5 sa time=30 seed=15366: D=829.0 gap=5.74% evals=50209 30.00s ls=0
  [131/1080] A-n32-k5 rr_ls time=30 seed=15366: D=796.0 gap=1.53% evals=3480 30.03s ls=862
  [132/1080] A-n32-k5 ortools time=30 seed=15366: D=784.0 gap=0.00% evals=0 29.90s ls=0
  [133/1080] A-n32-k5 qpso time=30 seed=15367: D=784.0 gap=0.00% evals=4345 30.01s ls=1045
  [134/1080] A-n32-k5 pso_ls time=30 seed=15367: D=784.0 gap=0.00% evals=5160 30.01s ls=1288
  [135/1080] A-n32-k5 ga_ls time=30 seed=15367: D=832.0 gap=6.12% evals=15734 30.00s ls=4166
  [136/1080] A-n32-k5 sa time=30 seed=15367: D=796.0 gap=1.53% evals=49288 30.00s ls=0
  [137/1080] A-n32-k5 rr_ls time=30 seed=15367: D=796.0 gap=1.53% evals=3320 30.03s ls=825
  [138/1080] A-n32-k5 ortools time=30 seed=15367: D=784.0 gap=0.00% evals=0 29.91s ls=0
  [139/1080] A-n32-k5 qpso time=30 seed=15368: D=784.0 gap=0.00% evals=3196 30.00s ls=775
  [140/1080] A-n32-k5 pso_ls time=30 seed=15368: D=784.0 gap=0.00% evals=5560 30.00s ls=1391
  [141/1080] A-n32-k5 ga_ls time=30 seed=15368: D=829.0 gap=5.74% evals=11425 30.00s ls=3020
  [142/1080] A-n32-k5 sa time=30 seed=15368: D=785.0 gap=0.13% evals=49242 30.00s ls=0
  [143/1080] A-n32-k5 rr_ls time=30 seed=15368: D=784.0 gap=0.00% evals=3440 30.01s ls=856
  [144/1080] A-n32-k5 ortools time=30 seed=15368: D=784.0 gap=0.00% evals=0 29.90s ls=0
  [145/1080] A-n32-k5 qpso time=30 seed=15369: D=784.0 gap=0.00% evals=4836 30.01s ls=1167
  [146/1080] A-n32-k5 pso_ls time=30 seed=15369: D=784.0 gap=0.00% evals=3560 30.00s ls=886
  [147/1080] A-n32-k5 ga_ls time=30 seed=15369: D=785.0 gap=0.13% evals=13812 30.00s ls=3657
  [148/1080] A-n32-k5 rr_ls time=30 seed=15369: D=784.0 gap=0.00% evals=3360 30.00s ls=830
  [149/1080] A-n32-k5 sa time=30 seed=15369: D=784.0 gap=0.00% evals=49456 30.00s ls=0
  [150/1080] A-n32-k5 ortools time=30 seed=15369: D=784.0 gap=0.00% evals=0 29.90s ls=0
  [151/1080] A-n32-k5 qpso time=30 seed=15370: D=784.0 gap=0.00% evals=3481 30.01s ls=843
  [152/1080] A-n32-k5 pso_ls time=30 seed=15370: D=784.0 gap=0.00% evals=4480 30.01s ls=1117
  [153/1080] A-n32-k5 ga_ls time=30 seed=15370: D=784.0 gap=0.00% evals=14293 30.00s ls=3788
  [154/1080] A-n32-k5 sa time=30 seed=15370: D=821.0 gap=4.72% evals=49771 30.00s ls=0
  [155/1080] A-n32-k5 rr_ls time=30 seed=15370: D=796.0 gap=1.53% evals=3560 30.01s ls=885
  [156/1080] A-n32-k5 ortools time=30 seed=15370: D=784.0 gap=0.00% evals=0 29.90s ls=0
  [157/1080] A-n32-k5 qpso time=30 seed=15371: D=784.0 gap=0.00% evals=6357 30.01s ls=1554
  [158/1080] A-n32-k5 pso_ls time=30 seed=15371: D=784.0 gap=0.00% evals=3680 30.01s ls=914
  [159/1080] A-n32-k5 ga_ls time=30 seed=15371: D=784.0 gap=0.00% evals=14594 30.00s ls=3866
  [160/1080] A-n32-k5 rr_ls time=30 seed=15371: D=784.0 gap=0.00% evals=3600 30.01s ls=896
  [161/1080] A-n32-k5 sa time=30 seed=15371: D=829.0 gap=5.74% evals=50512 30.00s ls=0
  [162/1080] A-n32-k5 ortools time=30 seed=15371: D=784.0 gap=0.00% evals=0 29.90s ls=0
  [163/1080] A-n32-k5 qpso time=30 seed=15372: D=784.0 gap=0.00% evals=3320 30.00s ls=806
  [164/1080] A-n32-k5 pso_ls time=30 seed=15372: D=784.0 gap=0.00% evals=4880 30.00s ls=1215
  [165/1080] A-n32-k5 ga_ls time=30 seed=15372: D=796.0 gap=1.53% evals=11917 30.00s ls=3152
  [166/1080] A-n32-k5 sa time=30 seed=15372: D=784.0 gap=0.00% evals=50525 30.00s ls=0
  [167/1080] A-n32-k5 rr_ls time=30 seed=15372: D=784.0 gap=0.00% evals=3520 30.02s ls=877
  [168/1080] A-n32-k5 ortools time=30 seed=15372: D=784.0 gap=0.00% evals=0 29.90s ls=0
  [169/1080] A-n32-k5 qpso time=30 seed=15373: D=784.0 gap=0.00% evals=5115 30.01s ls=1232
  [170/1080] A-n32-k5 ga_ls time=30 seed=15373: D=796.0 gap=1.53% evals=11782 30.00s ls=3115
  [171/1080] A-n32-k5 pso_ls time=30 seed=15373: D=784.0 gap=0.00% evals=3600 30.01s ls=891
  [172/1080] A-n32-k5 sa time=30 seed=15373: D=784.0 gap=0.00% evals=50339 30.00s ls=0
  [173/1080] A-n32-k5 rr_ls time=30 seed=15373: D=784.0 gap=0.00% evals=3520 30.01s ls=877
  [174/1080] A-n32-k5 ortools time=30 seed=15373: D=784.0 gap=0.00% evals=0 29.91s ls=0
  [175/1080] A-n32-k5 qpso time=30 seed=15374: D=784.0 gap=0.00% evals=3702 30.00s ls=902
  [176/1080] A-n32-k5 pso_ls time=30 seed=15374: D=784.0 gap=0.00% evals=5520 30.01s ls=1384
  [177/1080] A-n32-k5 ga_ls time=30 seed=15374: D=784.0 gap=0.00% evals=14184 30.00s ls=3758
  [178/1080] A-n32-k5 sa time=30 seed=15374: D=784.0 gap=0.00% evals=50944 30.00s ls=0
  [179/1080] A-n32-k5 rr_ls time=30 seed=15374: D=784.0 gap=0.00% evals=3520 30.01s ls=870
  [180/1080] A-n32-k5 ortools time=30 seed=15374: D=784.0 gap=0.00% evals=0 29.90s ls=0
  [181/1080] A-n63-k9 ga_ls time=30 seed=17345: D=1699.0 gap=5.14% evals=6424 30.00s ls=1692
  [182/1080] A-n63-k9 qpso time=30 seed=17345: D=1721.0 gap=6.50% evals=640 30.05s ls=147
  [183/1080] A-n63-k9 sa time=30 seed=17345: D=1813.0 gap=12.19% evals=35040 30.00s ls=0
  [184/1080] A-n63-k9 pso_ls time=30 seed=17345: D=1700.0 gap=5.20% evals=760 30.09s ls=176
  [185/1080] A-n63-k9 rr_ls time=30 seed=17345: D=1744.0 gap=7.92% evals=800 30.01s ls=188
  [186/1080] A-n63-k9 ortools time=30 seed=17345: D=1737.0 gap=7.49% evals=0 29.91s ls=0
  [187/1080] A-n63-k9 qpso time=30 seed=17346: D=1731.0 gap=7.12% evals=760 30.07s ls=182
  [188/1080] A-n63-k9 pso_ls time=30 seed=17346: D=1745.0 gap=7.98% evals=960 30.02s ls=227
  [189/1080] A-n63-k9 ga_ls time=30 seed=17346: D=1676.0 gap=3.71% evals=6444 30.01s ls=1697
  [190/1080] A-n63-k9 sa time=30 seed=17346: D=1756.0 gap=8.66% evals=35943 30.00s ls=0
  [191/1080] A-n63-k9 rr_ls time=30 seed=17346: D=1746.0 gap=8.04% evals=840 30.04s ls=195
  [192/1080] A-n63-k9 ortools time=30 seed=17346: D=1737.0 gap=7.49% evals=0 29.90s ls=0
  [193/1080] A-n63-k9 ga_ls time=30 seed=17347: D=1655.0 gap=2.41% evals=6918 30.01s ls=1824
  [194/1080] A-n63-k9 qpso time=30 seed=17347: D=1714.0 gap=6.06% evals=720 30.06s ls=163
  [195/1080] A-n63-k9 pso_ls time=30 seed=17347: D=1657.0 gap=2.54% evals=560 30.14s ls=129
  [196/1080] A-n63-k9 sa time=30 seed=17347: D=1733.0 gap=7.24% evals=35906 30.00s ls=0
  [197/1080] A-n63-k9 rr_ls time=30 seed=17347: D=1770.0 gap=9.53% evals=800 30.02s ls=187
  [198/1080] A-n63-k9 ortools time=30 seed=17347: D=1737.0 gap=7.49% evals=0 29.91s ls=0
  [199/1080] A-n63-k9 qpso time=30 seed=17348: D=1677.0 gap=3.77% evals=600 30.04s ls=138
  [200/1080] A-n63-k9 pso_ls time=30 seed=17348: D=1756.0 gap=8.66% evals=720 30.03s ls=170
  [201/1080] A-n63-k9 ga_ls time=30 seed=17348: D=1717.0 gap=6.25% evals=5018 30.01s ls=1322
  [202/1080] A-n63-k9 sa time=30 seed=17348: D=1902.0 gap=17.70% evals=31342 30.00s ls=0
  [203/1080] A-n63-k9 rr_ls time=30 seed=17348: D=1753.0 gap=8.48% evals=720 30.01s ls=169
  [204/1080] A-n63-k9 ortools time=30 seed=17348: D=1737.0 gap=7.49% evals=0 29.90s ls=0
  [205/1080] A-n63-k9 qpso time=30 seed=17349: D=1698.0 gap=5.07% evals=790 30.01s ls=182
  [206/1080] A-n63-k9 ga_ls time=30 seed=17349: D=1670.0 gap=3.34% evals=5132 30.01s ls=1346
  [207/1080] A-n63-k9 pso_ls time=30 seed=17349: D=1668.0 gap=3.22% evals=640 30.10s ls=143
  [208/1080] A-n63-k9 sa time=30 seed=17349: D=1671.0 gap=3.40% evals=31368 30.00s ls=0
  [209/1080] A-n63-k9 rr_ls time=30 seed=17349: D=1717.0 gap=6.25% evals=720 30.01s ls=166
  [210/1080] A-n63-k9 ortools time=30 seed=17349: D=1737.0 gap=7.49% evals=0 29.91s ls=0
  [211/1080] A-n63-k9 ga_ls time=30 seed=17350: D=1663.0 gap=2.91% evals=5512 30.01s ls=1447
  [212/1080] A-n63-k9 sa time=30 seed=17350: D=1733.0 gap=7.24% evals=32371 30.00s ls=0
  [213/1080] A-n63-k9 pso_ls time=30 seed=17350: D=1649.0 gap=2.04% evals=720 30.12s ls=168
  [214/1080] A-n63-k9 qpso time=30 seed=17350: D=1685.0 gap=4.27% evals=600 30.18s ls=140
  [215/1080] A-n63-k9 ortools time=30 seed=17350: D=1737.0 gap=7.49% evals=0 29.91s ls=0
  [216/1080] A-n63-k9 rr_ls time=30 seed=17350: D=1773.0 gap=9.72% evals=720 30.02s ls=171
  [217/1080] A-n63-k9 qpso time=30 seed=17351: D=1709.0 gap=5.75% evals=720 30.04s ls=171
  [218/1080] A-n63-k9 pso_ls time=30 seed=17351: D=1650.0 gap=2.10% evals=560 30.03s ls=124
  [219/1080] A-n63-k9 ga_ls time=30 seed=17351: D=1676.0 gap=3.71% evals=5652 30.00s ls=1485
  [220/1080] A-n63-k9 sa time=30 seed=17351: D=1752.0 gap=8.42% evals=32313 30.00s ls=0
  [221/1080] A-n63-k9 rr_ls time=30 seed=17351: D=1742.0 gap=7.80% evals=720 30.00s ls=172
  [222/1080] A-n63-k9 ortools time=30 seed=17351: D=1737.0 gap=7.49% evals=0 29.90s ls=0
  [223/1080] A-n63-k9 qpso time=30 seed=17352: D=1730.0 gap=7.05% evals=640 30.03s ls=144
  [224/1080] A-n63-k9 pso_ls time=30 seed=17352: D=1718.0 gap=6.31% evals=800 30.04s ls=186
  [225/1080] A-n63-k9 ga_ls time=30 seed=17352: D=1706.0 gap=5.57% evals=5170 30.01s ls=1358
  [226/1080] A-n63-k9 sa time=30 seed=17352: D=1794.0 gap=11.01% evals=33057 30.00s ls=0
  [227/1080] A-n63-k9 rr_ls time=30 seed=17352: D=1764.0 gap=9.16% evals=760 30.01s ls=174
  [228/1080] A-n63-k9 ortools time=30 seed=17352: D=1737.0 gap=7.49% evals=0 29.91s ls=0
  [229/1080] A-n63-k9 pso_ls time=30 seed=17353: D=1727.0 gap=6.87% evals=560 30.02s ls=132
  [230/1080] A-n63-k9 qpso time=30 seed=17353: D=1717.0 gap=6.25% evals=640 30.21s ls=144
  [231/1080] A-n63-k9 ga_ls time=30 seed=17353: D=1720.0 gap=6.44% evals=5208 30.02s ls=1368
  [232/1080] A-n63-k9 sa time=30 seed=17353: D=1780.0 gap=10.15% evals=31928 30.00s ls=0
  [233/1080] A-n63-k9 rr_ls time=30 seed=17353: D=1711.0 gap=5.88% evals=720 30.05s ls=165
  [234/1080] A-n63-k9 ortools time=30 seed=17353: D=1737.0 gap=7.49% evals=0 29.90s ls=0
  [235/1080] A-n63-k9 ga_ls time=30 seed=17354: D=1741.0 gap=7.74% evals=6462 30.00s ls=1703
  [236/1080] A-n63-k9 sa time=30 seed=17354: D=1797.0 gap=11.20% evals=31732 30.00s ls=0
  [237/1080] A-n63-k9 pso_ls time=30 seed=17354: D=1709.0 gap=5.75% evals=600 30.02s ls=136
  [238/1080] A-n63-k9 qpso time=30 seed=17354: D=1730.0 gap=7.05% evals=640 30.05s ls=152
  [239/1080] A-n63-k9 rr_ls time=30 seed=17354: D=1737.0 gap=7.49% evals=720 30.04s ls=168
  [240/1080] A-n63-k9 ortools time=30 seed=17354: D=1737.0 gap=7.49% evals=0 29.91s ls=0
  [241/1080] A-n63-k9 qpso time=30 seed=17355: D=1670.0 gap=3.34% evals=640 30.06s ls=145
  [242/1080] A-n63-k9 pso_ls time=30 seed=17355: D=1721.0 gap=6.50% evals=680 30.06s ls=162
  [243/1080] A-n63-k9 ga_ls time=30 seed=17355: D=1659.0 gap=2.66% evals=5983 30.00s ls=1576
  [244/1080] A-n63-k9 sa time=30 seed=17355: D=1917.0 gap=18.63% evals=34935 30.00s ls=0
  [245/1080] A-n63-k9 rr_ls time=30 seed=17355: D=1756.0 gap=8.66% evals=800 30.01s ls=185
  [246/1080] A-n63-k9 ortools time=30 seed=17355: D=1737.0 gap=7.49% evals=0 29.91s ls=0
  [247/1080] A-n63-k9 ga_ls time=30 seed=17356: D=1699.0 gap=5.14% evals=6310 30.01s ls=1667
  [248/1080] A-n63-k9 qpso time=30 seed=17356: D=1740.0 gap=7.67% evals=720 30.07s ls=165
  [249/1080] A-n63-k9 pso_ls time=30 seed=17356: D=1714.0 gap=6.06% evals=760 30.12s ls=176
  [250/1080] A-n63-k9 sa time=30 seed=17356: D=1850.0 gap=14.48% evals=34747 30.00s ls=0
  [251/1080] A-n63-k9 rr_ls time=30 seed=17356: D=1774.0 gap=9.78% evals=760 30.02s ls=175
  [252/1080] A-n63-k9 ortools time=30 seed=17356: D=1737.0 gap=7.49% evals=0 29.90s ls=0
  [253/1080] A-n63-k9 qpso time=30 seed=17357: D=1713.0 gap=6.00% evals=640 30.12s ls=146
  [254/1080] A-n63-k9 pso_ls time=30 seed=17357: D=1737.0 gap=7.49% evals=600 30.07s ls=142
  [255/1080] A-n63-k9 ga_ls time=30 seed=17357: D=1655.0 gap=2.41% evals=4638 30.00s ls=1213
  [256/1080] A-n63-k9 sa time=30 seed=17357: D=1801.0 gap=11.45% evals=34924 30.00s ls=0
  [257/1080] A-n63-k9 ortools time=30 seed=17357: D=1737.0 gap=7.49% evals=0 29.90s ls=0
  [258/1080] A-n63-k9 rr_ls time=30 seed=17357: D=1728.0 gap=6.93% evals=760 30.03s ls=181
  [259/1080] A-n63-k9 qpso time=30 seed=17358: D=1734.0 gap=7.30% evals=600 30.04s ls=140
  [260/1080] A-n63-k9 pso_ls time=30 seed=17358: D=1679.0 gap=3.90% evals=760 30.01s ls=175
  [261/1080] A-n63-k9 ga_ls time=30 seed=17358: D=1662.0 gap=2.85% evals=4334 30.00s ls=1139
  [262/1080] A-n63-k9 sa time=30 seed=17358: D=1764.0 gap=9.16% evals=34563 30.00s ls=0
  [263/1080] A-n63-k9 rr_ls time=30 seed=17358: D=1730.0 gap=7.05% evals=760 30.01s ls=182
  [264/1080] A-n63-k9 ortools time=30 seed=17358: D=1737.0 gap=7.49% evals=0 29.91s ls=0
  [265/1080] A-n63-k9 qpso time=30 seed=17359: D=1723.0 gap=6.62% evals=600 30.03s ls=136
  [266/1080] A-n63-k9 ga_ls time=30 seed=17359: D=1680.0 gap=3.96% evals=5333 30.00s ls=1404
  [267/1080] A-n63-k9 pso_ls time=30 seed=17359: D=1690.0 gap=4.58% evals=640 30.07s ls=150
  [268/1080] A-n63-k9 sa time=30 seed=17359: D=1813.0 gap=12.19% evals=31997 30.00s ls=0
  [269/1080] A-n63-k9 rr_ls time=30 seed=17359: D=1754.0 gap=8.54% evals=760 30.01s ls=177
  [270/1080] A-n63-k9 ortools time=30 seed=17359: D=1737.0 gap=7.49% evals=0 29.90s ls=0