[confirm_d54] 720 runs to do (0 already recorded), 11 worker(s) -> C:\Users\nisha\Quantum-Route-solver\results\runs\confirm_d54.jsonl
  [1/720] A-n32-k5 ortools time=30 seed=65345: D=784.0 gap=0.00% evals=0 29.91s ls=0
  [2/720] A-n32-k5 ortools time=30 seed=65346: D=784.0 gap=0.00% evals=0 29.91s ls=0
  [3/720] A-n32-k5 qn_tuned time=30 seed=65345: D=828.0 gap=5.61% evals=167001 30.00s ls=40804
  [4/720] A-n32-k5 pso_tuned time=30 seed=65345: D=784.0 gap=0.00% evals=148775 30.00s ls=37552
  [5/720] A-n32-k5 ga_ls time=30 seed=65345: D=796.0 gap=1.53% evals=117600 30.00s ls=31240
  [6/720] A-n32-k5 pso_tuned time=30 seed=65346: D=784.0 gap=0.00% evals=144480 30.00s ls=36464
  [7/720] A-n32-k5 ga_ls time=30 seed=65346: D=829.0 gap=5.74% evals=111618 30.00s ls=29654
  [8/720] A-n32-k5 qn_tuned time=30 seed=65346: D=784.0 gap=0.00% evals=159850 30.00s ls=39151
  [9/720] A-n32-k5 pso_tuned time=30 seed=65347: D=784.0 gap=0.00% evals=147681 30.00s ls=37280
  [10/720] A-n32-k5 ortools time=30 seed=65347: D=784.0 gap=0.00% evals=0 29.91s ls=0
  [11/720] A-n32-k5 ga_ls time=30 seed=65347: D=815.0 gap=3.95% evals=112026 30.00s ls=29755
  [12/720] A-n32-k5 ortools time=30 seed=65348: D=784.0 gap=0.00% evals=0 29.90s ls=0
  [13/720] A-n32-k5 qn_tuned time=30 seed=65347: D=784.0 gap=0.00% evals=145698 30.00s ls=35613
  [14/720] A-n32-k5 ga_ls time=30 seed=65348: D=784.0 gap=0.00% evals=95841 30.00s ls=25463
  [15/720] A-n32-k5 ortools time=30 seed=65349: D=784.0 gap=0.00% evals=0 29.91s ls=0
  [16/720] A-n32-k5 ortools time=30 seed=65350: D=784.0 gap=0.00% evals=0 29.91s ls=0
  [17/720] A-n32-k5 pso_tuned time=30 seed=65348: D=784.0 gap=0.00% evals=129880 30.00s ls=32784
  [18/720] A-n32-k5 qn_tuned time=30 seed=65348: D=812.0 gap=3.57% evals=139666 30.00s ls=34189
  [19/720] A-n32-k5 pso_tuned time=30 seed=65349: D=784.0 gap=0.00% evals=127217 30.00s ls=32108
  [20/720] A-n32-k5 ga_ls time=30 seed=65349: D=811.0 gap=3.44% evals=93935 30.00s ls=24947
  [21/720] A-n32-k5 qn_tuned time=30 seed=65349: D=784.0 gap=0.00% evals=140776 30.00s ls=34488
  [22/720] A-n32-k5 qn_tuned time=30 seed=65350: D=784.0 gap=0.00% evals=141617 30.00s ls=34597
  [23/720] A-n32-k5 ortools time=30 seed=65351: D=784.0 gap=0.00% evals=0 29.91s ls=0
  [24/720] A-n32-k5 pso_tuned time=30 seed=65350: D=784.0 gap=0.00% evals=137742 30.00s ls=34765
  [25/720] A-n32-k5 ga_ls time=30 seed=65350: D=829.0 gap=5.74% evals=101912 30.00s ls=27068
  [26/720] A-n32-k5 ortools time=30 seed=65352: D=784.0 gap=0.00% evals=0 29.91s ls=0
  [27/720] A-n32-k5 qn_tuned time=30 seed=65351: D=827.0 gap=5.48% evals=138021 30.00s ls=33785
  [28/720] A-n32-k5 pso_tuned time=30 seed=65351: D=784.0 gap=0.00% evals=134320 30.00s ls=33898
  [29/720] A-n32-k5 ga_ls time=30 seed=65351: D=784.0 gap=0.00% evals=104532 30.00s ls=27765
  [30/720] A-n32-k5 ga_ls time=30 seed=65352: D=829.0 gap=5.74% evals=101213 30.00s ls=26887
  [31/720] A-n32-k5 ortools time=30 seed=65353: D=784.0 gap=0.00% evals=0 29.91s ls=0
  [32/720] A-n32-k5 pso_tuned time=30 seed=65352: D=784.0 gap=0.00% evals=136800 30.00s ls=34524
  [33/720] A-n32-k5 qn_tuned time=30 seed=65352: D=784.0 gap=0.00% evals=151225 30.00s ls=37036
  [34/720] A-n32-k5 ga_ls time=30 seed=65353: D=784.0 gap=0.00% evals=103286 30.00s ls=27432
  [35/720] A-n32-k5 ortools time=30 seed=65354: D=784.0 gap=0.00% evals=0 29.90s ls=0
  [36/720] A-n32-k5 pso_tuned time=30 seed=65353: D=784.0 gap=0.00% evals=133782 30.00s ls=33765
  [37/720] A-n32-k5 ortools time=30 seed=65355: D=784.0 gap=0.00% evals=0 29.90s ls=0
  [38/720] A-n32-k5 qn_tuned time=30 seed=65353: D=828.0 gap=5.61% evals=159698 30.00s ls=39108
  [39/720] A-n32-k5 pso_tuned time=30 seed=65354: D=784.0 gap=0.00% evals=129669 30.00s ls=32724
  [40/720] A-n32-k5 qn_tuned time=30 seed=65354: D=784.0 gap=0.00% evals=155737 30.00s ls=38058
  [41/720] A-n32-k5 ga_ls time=30 seed=65354: D=829.0 gap=5.74% evals=104387 30.00s ls=27725
  [42/720] A-n32-k5 ga_ls time=30 seed=65355: D=830.0 gap=5.87% evals=103704 30.00s ls=27552
  [43/720] A-n32-k5 qn_tuned time=30 seed=65355: D=784.0 gap=0.00% evals=150852 30.00s ls=36916
  [44/720] A-n32-k5 pso_tuned time=30 seed=65355: D=784.0 gap=0.00% evals=137640 30.00s ls=34736
  [45/720] A-n32-k5 ortools time=30 seed=65356: D=784.0 gap=0.00% evals=0 29.91s ls=0
  [46/720] A-n32-k5 ortools time=30 seed=65357: D=784.0 gap=0.00% evals=0 29.91s ls=0
  [47/720] A-n32-k5 qn_tuned time=30 seed=65356: D=784.0 gap=0.00% evals=164267 30.00s ls=40168
  [48/720] A-n32-k5 ga_ls time=30 seed=65356: D=796.0 gap=1.53% evals=105727 30.00s ls=28089
  [49/720] A-n32-k5 pso_tuned time=30 seed=65356: D=784.0 gap=0.00% evals=133681 30.00s ls=33745
  [50/720] A-n32-k5 ortools time=30 seed=65358: D=784.0 gap=0.00% evals=0 29.91s ls=0
  [51/720] A-n32-k5 ga_ls time=30 seed=65357: D=796.0 gap=1.53% evals=105949 30.00s ls=28149
  [52/720] A-n32-k5 qn_tuned time=30 seed=65357: D=784.0 gap=0.00% evals=152950 30.00s ls=37350
  [53/720] A-n32-k5 pso_tuned time=30 seed=65357: D=784.0 gap=0.00% evals=134720 30.00s ls=33999
  [54/720] A-n32-k5 ga_ls time=30 seed=65358: D=814.0 gap=3.83% evals=100188 30.00s ls=26614
  [55/720] A-n32-k5 pso_tuned time=30 seed=65358: D=784.0 gap=0.00% evals=134432 30.00s ls=33926
  [56/720] A-n32-k5 ortools time=30 seed=65359: D=784.0 gap=0.00% evals=0 29.90s ls=0
  [57/720] A-n32-k5 qn_tuned time=30 seed=65358: D=811.0 gap=3.44% evals=157066 30.00s ls=38380
  [58/720] A-n32-k5 pso_tuned time=30 seed=65359: D=784.0 gap=0.00% evals=134946 30.00s ls=34058
  [59/720] A-n32-k5 ortools time=30 seed=65360: D=784.0 gap=0.00% evals=0 29.90s ls=0
  [60/720] A-n32-k5 qn_tuned time=30 seed=65359: D=784.0 gap=0.00% evals=154625 30.00s ls=37805
  [61/720] A-n32-k5 ga_ls time=30 seed=65359: D=814.0 gap=3.83% evals=104171 30.00s ls=27674
  [62/720] A-n32-k5 pso_tuned time=30 seed=65360: D=784.0 gap=0.00% evals=137356 30.00s ls=34664
  [63/720] A-n32-k5 ga_ls time=30 seed=65360: D=832.0 gap=6.12% evals=104674 30.00s ls=27806
  [64/720] A-n32-k5 qn_tuned time=30 seed=65360: D=784.0 gap=0.00% evals=151786 30.00s ls=37078
  [65/720] A-n32-k5 ga_ls time=30 seed=65361: D=784.0 gap=0.00% evals=103044 30.00s ls=27371
  [66/720] A-n32-k5 pso_tuned time=30 seed=65361: D=784.0 gap=0.00% evals=139233 30.00s ls=35138
  [67/720] A-n32-k5 ortools time=30 seed=65361: D=784.0 gap=0.00% evals=0 29.90s ls=0
  [68/720] A-n32-k5 ortools time=30 seed=65362: D=784.0 gap=0.00% evals=0 29.91s ls=0
  [69/720] A-n32-k5 qn_tuned time=30 seed=65361: D=811.0 gap=3.44% evals=158951 30.00s ls=38845
  [70/720] A-n32-k5 ortools time=30 seed=65363: D=784.0 gap=0.00% evals=0 29.91s ls=0
  [71/720] A-n32-k5 qn_tuned time=30 seed=65362: D=784.0 gap=0.00% evals=157538 30.00s ls=38502
  [72/720] A-n32-k5 pso_tuned time=30 seed=65362: D=784.0 gap=0.00% evals=137240 30.00s ls=34642
  [73/720] A-n32-k5 ga_ls time=30 seed=65362: D=848.0 gap=8.16% evals=102361 30.00s ls=27190
  [74/720] A-n32-k5 pso_tuned time=30 seed=65363: D=784.0 gap=0.00% evals=132240 30.00s ls=33375
  [75/720] A-n32-k5 ga_ls time=30 seed=65363: D=829.0 gap=5.74% evals=105951 30.00s ls=28149
  [76/720] A-n32-k5 qn_tuned time=30 seed=65363: D=828.0 gap=5.61% evals=144178 30.00s ls=35316
  [77/720] A-n32-k5 ga_ls time=30 seed=65364: D=829.0 gap=5.74% evals=104755 30.00s ls=27826
  [78/720] A-n32-k5 pso_tuned time=30 seed=65364: D=784.0 gap=0.00% evals=137200 30.00s ls=34631
  [79/720] A-n32-k5 ortools time=30 seed=65364: D=784.0 gap=0.00% evals=0 29.91s ls=0
  [80/720] A-n32-k5 ortools time=30 seed=65365: D=784.0 gap=0.00% evals=0 29.91s ls=0
  [81/720] A-n32-k5 qn_tuned time=30 seed=65364: D=784.0 gap=0.00% evals=138848 30.00s ls=33957
  [82/720] A-n32-k5 pso_tuned time=30 seed=65365: D=784.0 gap=0.00% evals=135649 30.00s ls=34239
  [83/720] A-n32-k5 ga_ls time=30 seed=65365: D=830.0 gap=5.87% evals=104314 30.00s ls=27715
  [84/720] A-n32-k5 ortools time=30 seed=65366: D=784.0 gap=0.00% evals=0 29.90s ls=0
  [85/720] A-n32-k5 qn_tuned time=30 seed=65365: D=827.0 gap=5.48% evals=151912 30.00s ls=37148
  [86/720] A-n32-k5 pso_tuned time=30 seed=65366: D=784.0 gap=0.00% evals=144800 30.00s ls=36549
  [87/720] A-n32-k5 qn_tuned time=30 seed=65366: D=784.0 gap=0.00% evals=155163 30.00s ls=37948
  [88/720] A-n32-k5 ga_ls time=30 seed=65366: D=829.0 gap=5.74% evals=104764 30.00s ls=27826
  [89/720] A-n32-k5 ga_ls time=30 seed=65367: D=829.0 gap=5.74% evals=106972 30.00s ls=28422
  [90/720] A-n32-k5 ortools time=30 seed=65367: D=784.0 gap=0.00% evals=0 29.90s ls=0
  [91/720] A-n32-k5 qn_tuned time=30 seed=65367: D=784.0 gap=0.00% evals=155783 30.00s ls=38111
  [92/720] A-n32-k5 pso_tuned time=30 seed=65367: D=784.0 gap=0.00% evals=134760 30.00s ls=34010
  [93/720] A-n32-k5 ortools time=30 seed=65368: D=784.0 gap=0.00% evals=0 29.91s ls=0
  [94/720] A-n32-k5 pso_tuned time=30 seed=65368: D=784.0 gap=0.00% evals=135680 30.00s ls=34249
  [95/720] A-n32-k5 qn_tuned time=30 seed=65368: D=784.0 gap=0.00% evals=152320 30.00s ls=37249
  [96/720] A-n32-k5 ga_ls time=30 seed=65368: D=829.0 gap=5.74% evals=100056 30.00s ls=26584
  [97/720] A-n32-k5 ortools time=30 seed=65369: D=784.0 gap=0.00% evals=0 29.91s ls=0
  [98/720] A-n32-k5 ga_ls time=30 seed=65369: D=829.0 gap=5.74% evals=104069 30.00s ls=27644
  [99/720] A-n32-k5 qn_tuned time=30 seed=65369: D=784.0 gap=0.00% evals=147899 30.00s ls=36128
  [100/720] A-n32-k5 ortools time=30 seed=65370: D=784.0 gap=0.00% evals=0 29.90s ls=0
  [101/720] A-n32-k5 pso_tuned time=30 seed=65369: D=784.0 gap=0.00% evals=136958 30.00s ls=34563
  [102/720] A-n32-k5 pso_tuned time=30 seed=65370: D=784.0 gap=0.00% evals=141320 30.00s ls=35668
  [103/720] A-n32-k5 qn_tuned time=30 seed=65370: D=784.0 gap=0.00% evals=155521 30.00s ls=38059
  [104/720] A-n32-k5 ortools time=30 seed=65371: D=784.0 gap=0.00% evals=0 29.91s ls=0
  [105/720] A-n32-k5 ga_ls time=30 seed=65370: D=784.0 gap=0.00% evals=103856 30.00s ls=27594
  [106/720] A-n32-k5 pso_tuned time=30 seed=65371: D=784.0 gap=0.00% evals=131852 30.00s ls=33280
  [107/720] A-n32-k5 ga_ls time=30 seed=65371: D=830.0 gap=5.87% evals=103400 30.00s ls=27462
  [108/720] A-n32-k5 qn_tuned time=30 seed=65371: D=784.0 gap=0.00% evals=145801 30.00s ls=35583
  [109/720] A-n32-k5 ga_ls time=30 seed=65372: D=828.0 gap=5.61% evals=101450 30.00s ls=26947
  [110/720] A-n32-k5 pso_tuned time=30 seed=65372: D=784.0 gap=0.00% evals=138621 30.00s ls=34987
  [111/720] A-n32-k5 ortools time=30 seed=65372: D=784.0 gap=0.00% evals=0 29.91s ls=0
  [112/720] A-n32-k5 qn_tuned time=30 seed=65372: D=784.0 gap=0.00% evals=152459 30.00s ls=37273
  [113/720] A-n32-k5 ortools time=30 seed=65373: D=784.0 gap=0.00% evals=0 29.91s ls=0
  [114/720] A-n32-k5 qn_tuned time=30 seed=65373: D=784.0 gap=0.00% evals=144669 30.00s ls=35318
  [115/720] A-n32-k5 ga_ls time=30 seed=65373: D=829.0 gap=5.74% evals=98599 30.00s ls=26190
  [116/720] A-n32-k5 pso_tuned time=30 seed=65373: D=784.0 gap=0.00% evals=127595 30.00s ls=32199
  [117/720] A-n32-k5 ortools time=30 seed=65374: D=784.0 gap=0.00% evals=0 29.91s ls=0
  [118/720] A-n32-k5 pso_tuned time=30 seed=65374: D=784.0 gap=0.00% evals=126720 30.00s ls=31984
  [119/720] A-n32-k5 ga_ls time=30 seed=65374: D=796.0 gap=1.53% evals=95002 30.00s ls=25236
  [120/720] A-n32-k5 qn_tuned time=30 seed=65374: D=784.0 gap=0.00% evals=152899 30.00s ls=37425
  [121/720] A-n63-k9 qn_tuned time=30 seed=67345: D=1638.0 gap=1.36% evals=73237 30.00s ls=17867
  [122/720] A-n63-k9 pso_tuned time=30 seed=67345: D=1640.0 gap=1.49% evals=56920 30.00s ls=14357
  [123/720] A-n63-k9 ortools time=30 seed=67345: D=1641.0 gap=1.55% evals=0 29.90s ls=0
  [124/720] A-n63-k9 ortools time=30 seed=67346: D=1641.0 gap=1.55% evals=0 29.90s ls=0
  [125/720] A-n63-k9 ga_ls time=30 seed=67345: D=1691.0 gap=4.64% evals=64679 30.00s ls=17181
  [126/720] A-n63-k9 ga_ls time=30 seed=67346: D=1651.0 gap=2.17% evals=65709 30.00s ls=17453
  [127/720] A-n63-k9 pso_tuned time=30 seed=67346: D=1638.0 gap=1.36% evals=55480 30.00s ls=13999
  [128/720] A-n63-k9 qn_tuned time=30 seed=67346: D=1627.0 gap=0.68% evals=78566 30.00s ls=19120
  [129/720] A-n63-k9 ga_ls time=30 seed=67347: D=1693.0 gap=4.76% evals=64374 30.00s ls=17098
  [130/720] A-n63-k9 ortools time=30 seed=67347: D=1641.0 gap=1.55% evals=0 29.90s ls=0
  [131/720] A-n63-k9 pso_tuned time=30 seed=67347: D=1634.0 gap=1.11% evals=61560 30.00s ls=15529
  [132/720] A-n63-k9 qn_tuned time=30 seed=67347: D=1627.0 gap=0.68% evals=75262 30.00s ls=18393
  [133/720] A-n63-k9 ortools time=30 seed=67348: D=1641.0 gap=1.55% evals=0 29.90s ls=0
  [134/720] A-n63-k9 pso_tuned time=30 seed=67348: D=1627.0 gap=0.68% evals=56000 30.00s ls=14130
  [135/720] A-n63-k9 qn_tuned time=30 seed=67348: D=1627.0 gap=0.68% evals=70470 30.00s ls=17241
  [136/720] A-n63-k9 ga_ls time=30 seed=67348: D=1662.0 gap=2.85% evals=65058 30.00s ls=17280
  [137/720] A-n63-k9 ga_ls time=30 seed=67349: D=1728.0 gap=6.93% evals=64922 30.00s ls=17241
  [138/720] A-n63-k9 qn_tuned time=30 seed=67349: D=1627.0 gap=0.68% evals=77231 30.00s ls=18847
  [139/720] A-n63-k9 pso_tuned time=30 seed=67349: D=1635.0 gap=1.18% evals=56520 30.00s ls=14260
  [140/720] A-n63-k9 ortools time=30 seed=67349: D=1641.0 gap=1.55% evals=0 29.90s ls=0
  [141/720] A-n63-k9 pso_tuned time=30 seed=67350: D=1636.0 gap=1.24% evals=59400 30.00s ls=14986
  [142/720] A-n63-k9 qn_tuned time=30 seed=67350: D=1627.0 gap=0.68% evals=72111 30.00s ls=17595
  [143/720] A-n63-k9 ga_ls time=30 seed=67350: D=1687.0 gap=4.39% evals=64534 30.00s ls=17140
  [144/720] A-n63-k9 ortools time=30 seed=67350: D=1641.0 gap=1.55% evals=0 29.90s ls=0
  [145/720] A-n63-k9 ga_ls time=30 seed=67351: D=1639.0 gap=1.42% evals=66001 30.00s ls=17524
  [146/720] A-n63-k9 ortools time=30 seed=67351: D=1641.0 gap=1.55% evals=0 29.90s ls=0
  [147/720] A-n63-k9 qn_tuned time=30 seed=67351: D=1627.0 gap=0.68% evals=72479 30.00s ls=17686
  [148/720] A-n63-k9 ortools time=30 seed=67352: D=1641.0 gap=1.55% evals=0 29.90s ls=0
  [149/720] A-n63-k9 pso_tuned time=30 seed=67351: D=1629.0 gap=0.80% evals=58000 30.00s ls=14628
  [150/720] A-n63-k9 pso_tuned time=30 seed=67352: D=1632.0 gap=0.99% evals=55880 30.00s ls=14100
  [151/720] A-n63-k9 ga_ls time=30 seed=67352: D=1726.0 gap=6.81% evals=65113 30.00s ls=17292
  [152/720] A-n63-k9 qn_tuned time=30 seed=67352: D=1633.0 gap=1.05% evals=74682 30.00s ls=18246
  [153/720] A-n63-k9 qn_tuned time=30 seed=67353: D=1618.0 gap=0.12% evals=74044 30.00s ls=18100
  [154/720] A-n63-k9 pso_tuned time=30 seed=67353: D=1631.0 gap=0.93% evals=58480 30.00s ls=14757
  [155/720] A-n63-k9 ga_ls time=30 seed=67353: D=1662.0 gap=2.85% evals=67261 30.00s ls=17857
  [156/720] A-n63-k9 ortools time=30 seed=67353: D=1641.0 gap=1.55% evals=0 29.90s ls=0
  [157/720] A-n63-k9 ortools time=30 seed=67354: D=1641.0 gap=1.55% evals=0 29.90s ls=0
  [158/720] A-n63-k9 pso_tuned time=30 seed=67354: D=1632.0 gap=0.99% evals=60760 30.00s ls=15325
  [159/720] A-n63-k9 ortools time=30 seed=67355: D=1641.0 gap=1.55% evals=0 29.90s ls=0
  [160/720] A-n63-k9 ga_ls time=30 seed=67354: D=1685.0 gap=4.27% evals=67063 30.00s ls=17807
  [161/720] A-n63-k9 qn_tuned time=30 seed=67354: D=1627.0 gap=0.68% evals=88386 30.00s ls=21584
  [162/720] A-n63-k9 qn_tuned time=30 seed=67355: D=1627.0 gap=0.68% evals=71606 30.00s ls=17479
  [163/720] A-n63-k9 ga_ls time=30 seed=67355: D=1665.0 gap=3.03% evals=65927 30.00s ls=17504
  [164/720] A-n63-k9 pso_tuned time=30 seed=67355: D=1643.0 gap=1.67% evals=58861 30.00s ls=14847
  [165/720] A-n63-k9 ga_ls time=30 seed=67356: D=1681.0 gap=4.02% evals=66312 30.00s ls=17613
  [166/720] A-n63-k9 qn_tuned time=30 seed=67356: D=1650.0 gap=2.10% evals=80813 30.00s ls=19726
  [167/720] A-n63-k9 ortools time=30 seed=67356: D=1641.0 gap=1.55% evals=0 29.90s ls=0
  [168/720] A-n63-k9 pso_tuned time=30 seed=67356: D=1632.0 gap=0.99% evals=58440 30.00s ls=14745
  [169/720] A-n63-k9 ortools time=30 seed=67357: D=1641.0 gap=1.55% evals=0 29.90s ls=0
  [170/720] A-n63-k9 ga_ls time=30 seed=67357: D=1722.0 gap=6.56% evals=65341 30.00s ls=17352
  [171/720] A-n63-k9 qn_tuned time=30 seed=67357: D=1635.0 gap=1.18% evals=80832 30.00s ls=19694
  [172/720] A-n63-k9 pso_tuned time=30 seed=67357: D=1631.0 gap=0.93% evals=62120 30.00s ls=15667
  [173/720] A-n63-k9 ga_ls time=30 seed=67358: D=1693.0 gap=4.76% evals=63032 30.00s ls=16736
  [174/720] A-n63-k9 ortools time=30 seed=67358: D=1641.0 gap=1.55% evals=0 29.90s ls=0
  [175/720] A-n63-k9 pso_tuned time=30 seed=67358: D=1632.0 gap=0.99% evals=61823 30.00s ls=15595
  [176/720] A-n63-k9 qn_tuned time=30 seed=67358: D=1627.0 gap=0.68% evals=76262 30.00s ls=18595
  [177/720] A-n63-k9 pso_tuned time=30 seed=67359: D=1645.0 gap=1.79% evals=60520 30.00s ls=15266
  [178/720] A-n63-k9 ga_ls time=30 seed=67359: D=1683.0 gap=4.15% evals=66397 30.00s ls=17635
  [179/720] A-n63-k9 ortools time=30 seed=67359: D=1641.0 gap=1.55% evals=0 29.90s ls=0
  [180/720] A-n63-k9 ortools time=30 seed=67360: D=1641.0 gap=1.55% evals=0 29.90s ls=0
  [181/720] A-n63-k9 qn_tuned time=30 seed=67359: D=1627.0 gap=0.68% evals=82378 30.00s ls=20120
  [182/720] A-n63-k9 ga_ls time=30 seed=67360: D=1656.0 gap=2.48% evals=65790 30.00s ls=17473
  [183/720] A-n63-k9 qn_tuned time=30 seed=67360: D=1627.0 gap=0.68% evals=70501 30.00s ls=17211
  [184/720] A-n63-k9 pso_tuned time=30 seed=67360: D=1641.0 gap=1.55% evals=62377 30.00s ls=15736
  [185/720] A-n63-k9 ga_ls time=30 seed=67361: D=1685.0 gap=4.27% evals=67304 30.00s ls=17877
  [186/720] A-n63-k9 qn_tuned time=30 seed=67361: D=1634.0 gap=1.11% evals=83187 30.00s ls=20256
  [187/720] A-n63-k9 pso_tuned time=30 seed=67361: D=1631.0 gap=0.93% evals=60200 30.00s ls=15190
  [188/720] A-n63-k9 ortools time=30 seed=67361: D=1641.0 gap=1.55% evals=0 29.90s ls=0
  [189/720] A-n63-k9 qn_tuned time=30 seed=67362: D=1635.0 gap=1.18% evals=69707 30.00s ls=16989
  [190/720] A-n63-k9 ortools time=30 seed=67362: D=1641.0 gap=1.55% evals=0 29.90s ls=0
  [191/720] A-n63-k9 ga_ls time=30 seed=67362: D=1665.0 gap=3.03% evals=66123 30.00s ls=17564
  [192/720] A-n63-k9 pso_tuned time=30 seed=67362: D=1629.0 gap=0.80% evals=57480 30.00s ls=14496
  [193/720] A-n63-k9 ortools time=30 seed=67363: D=1641.0 gap=1.55% evals=0 29.90s ls=0
  [194/720] A-n63-k9 qn_tuned time=30 seed=67363: D=1640.0 gap=1.49% evals=76578 30.00s ls=18706
  [195/720] A-n63-k9 ga_ls time=30 seed=67363: D=1732.0 gap=7.18% evals=65020 30.00s ls=17263
  [196/720] A-n63-k9 pso_tuned time=30 seed=67363: D=1638.0 gap=1.36% evals=57659 30.00s ls=14544
  [197/720] A-n63-k9 ortools time=30 seed=67364: D=1641.0 gap=1.55% evals=0 29.90s ls=0
  [198/720] A-n63-k9 pso_tuned time=30 seed=67364: D=1630.0 gap=0.87% evals=61560 30.00s ls=15529
  [199/720] A-n63-k9 qn_tuned time=30 seed=67364: D=1627.0 gap=0.68% evals=80434 30.00s ls=19672
  [200/720] A-n63-k9 ga_ls time=30 seed=67364: D=1691.0 gap=4.64% evals=64786 30.00s ls=17201
  [201/720] A-n63-k9 ortools time=30 seed=67365: D=1641.0 gap=1.55% evals=0 29.90s ls=0
  [202/720] A-n63-k9 pso_tuned time=30 seed=67365: D=1656.0 gap=2.48% evals=60760 30.00s ls=15323
  [203/720] A-n63-k9 qn_tuned time=30 seed=67365: D=1627.0 gap=0.68% evals=84442 30.00s ls=20625
  [204/720] A-n63-k9 ga_ls time=30 seed=67365: D=1699.0 gap=5.14% evals=67346 30.00s ls=17888
  [205/720] A-n63-k9 qn_tuned time=30 seed=67366: D=1630.0 gap=0.87% evals=73244 30.00s ls=17898
  [206/720] A-n63-k9 ortools time=30 seed=67366: D=1641.0 gap=1.55% evals=0 29.90s ls=0
  [207/720] A-n63-k9 ga_ls time=30 seed=67366: D=1677.0 gap=3.77% evals=66234 30.00s ls=17585
  [208/720] A-n63-k9 ortools time=30 seed=67367: D=1641.0 gap=1.55% evals=0 29.90s ls=0
  [209/720] A-n63-k9 pso_tuned time=30 seed=67366: D=1642.0 gap=1.61% evals=58760 30.00s ls=14819
  [210/720] A-n63-k9 pso_tuned time=30 seed=67367: D=1640.0 gap=1.49% evals=54661 30.00s ls=13787
  [211/720] A-n63-k9 ortools time=30 seed=67368: D=1641.0 gap=1.55% evals=0 29.90s ls=0
  [212/720] A-n63-k9 ga_ls time=30 seed=67367: D=1672.0 gap=3.47% evals=64219 30.00s ls=17049
  [213/720] A-n63-k9 qn_tuned time=30 seed=67367: D=1633.0 gap=1.05% evals=79231 30.00s ls=19331
  [214/720] A-n63-k9 ga_ls time=30 seed=67368: D=1656.0 gap=2.48% evals=64450 30.00s ls=17120
  [215/720] A-n63-k9 qn_tuned time=30 seed=67368: D=1637.0 gap=1.30% evals=75302 30.00s ls=18332
  [216/720] A-n63-k9 ortools time=30 seed=67369: D=1641.0 gap=1.55% evals=0 29.90s ls=0
  [217/720] A-n63-k9 pso_tuned time=30 seed=67368: D=1631.0 gap=0.93% evals=57040 30.00s ls=14393
  [218/720] A-n63-k9 qn_tuned time=30 seed=67369: D=1633.0 gap=1.05% evals=74007 30.00s ls=18079
  [219/720] A-n63-k9 ga_ls time=30 seed=67369: D=1700.0 gap=5.20% evals=65731 30.00s ls=17453
  [220/720] A-n63-k9 pso_tuned time=30 seed=67369: D=1644.0 gap=1.73% evals=58513 30.00s ls=14757
  [221/720] A-n63-k9 ortools time=30 seed=67370: D=1641.0 gap=1.55% evals=0 29.90s ls=0
  [222/720] A-n63-k9 pso_tuned time=30 seed=67370: D=1643.0 gap=1.67% evals=59280 30.00s ls=14955
  [223/720] A-n63-k9 ga_ls time=30 seed=67370: D=1671.0 gap=3.40% evals=64857 30.00s ls=17221
  [224/720] A-n63-k9 qn_tuned time=30 seed=67370: D=1633.0 gap=1.05% evals=60696 30.00s ls=14843
  [225/720] A-n63-k9 pso_tuned time=30 seed=67371: D=1640.0 gap=1.49% evals=54397 30.00s ls=13716
  [226/720] A-n63-k9 ga_ls time=30 seed=67371: D=1732.0 gap=7.18% evals=67800 30.00s ls=18009
  [227/720] A-n63-k9 ortools time=30 seed=67371: D=1641.0 gap=1.55% evals=0 29.90s ls=0
  [228/720] A-n63-k9 qn_tuned time=30 seed=67371: D=1635.0 gap=1.18% evals=84103 30.00s ls=20524
  [229/720] A-n63-k9 pso_tuned time=30 seed=67372: D=1643.0 gap=1.67% evals=58098 30.00s ls=14656
  [230/720] A-n63-k9 qn_tuned time=30 seed=67372: D=1633.0 gap=1.05% evals=68434 30.00s ls=16718
  [231/720] A-n63-k9 ga_ls time=30 seed=67372: D=1706.0 gap=5.57% evals=65628 30.00s ls=17427
  [232/720] A-n63-k9 ortools time=30 seed=67372: D=1641.0 gap=1.55% evals=0 29.90s ls=0
  [233/720] A-n63-k9 ortools time=30 seed=67373: D=1641.0 gap=1.55% evals=0 29.90s ls=0
  [234/720] A-n63-k9 qn_tuned time=30 seed=67373: D=1642.0 gap=1.61% evals=77026 30.00s ls=18807
  [235/720] A-n63-k9 pso_tuned time=30 seed=67373: D=1636.0 gap=1.24% evals=60800 30.00s ls=15339
  [236/720] A-n63-k9 ortools time=30 seed=67374: D=1641.0 gap=1.55% evals=0 29.90s ls=0
  [237/720] A-n63-k9 ga_ls time=30 seed=67373: D=1664.0 gap=2.97% evals=64146 30.00s ls=17039
  [238/720] A-n63-k9 qn_tuned time=30 seed=67374: D=1627.0 gap=0.68% evals=70512 30.00s ls=17211
  [239/720] A-n63-k9 pso_tuned time=30 seed=67374: D=1635.0 gap=1.18% evals=59351 30.00s ls=14969
  [240/720] A-n63-k9 ga_ls time=30 seed=67374: D=1677.0 gap=3.77% evals=64906 30.00s ls=17237
  [241/720] A-n80-k10 pso_tuned time=30 seed=68345: D=1843.0 gap=4.54% evals=41280 30.00s ls=10410
  [242/720] A-n80-k10 ga_ls time=30 seed=68345: D=1913.0 gap=8.51% evals=49563 30.00s ls=13161
  [243/720] A-n80-k10 qn_tuned time=30 seed=68345: D=1787.0 gap=1.36% evals=52835 30.00s ls=12976
  [244/720] A-n80-k10 ortools time=30 seed=68345: D=1793.0 gap=1.70% evals=0 29.90s ls=0
  [245/720] A-n80-k10 ortools time=30 seed=68346: D=1793.0 gap=1.70% evals=0 29.90s ls=0
  [246/720] A-n80-k10 pso_tuned time=30 seed=68346: D=1822.0 gap=3.35% evals=38160 30.00s ls=9623
  [247/720] A-n80-k10 qn_tuned time=30 seed=68346: D=1779.0 gap=0.91% evals=46753 30.00s ls=11464
  [248/720] A-n80-k10 ga_ls time=30 seed=68346: D=1955.0 gap=10.89% evals=49253 30.00s ls=13080
  [249/720] A-n80-k10 ortools time=30 seed=68347: D=1793.0 gap=1.70% evals=0 29.90s ls=0
  [250/720] A-n80-k10 qn_tuned time=30 seed=68347: D=1787.0 gap=1.36% evals=50263 30.00s ls=12373
  [251/720] A-n80-k10 ga_ls time=30 seed=68347: D=1820.0 gap=3.23% evals=48144 30.00s ls=12777
  [252/720] A-n80-k10 pso_tuned time=30 seed=68347: D=1827.0 gap=3.63% evals=37337 30.00s ls=9414
  [253/720] A-n80-k10 qn_tuned time=30 seed=68348: D=1786.0 gap=1.30% evals=50248 30.00s ls=12363
  [254/720] A-n80-k10 ortools time=30 seed=68348: D=1793.0 gap=1.70% evals=0 29.90s ls=0
  [255/720] A-n80-k10 pso_tuned time=30 seed=68348: D=1814.0 gap=2.89% evals=41567 30.00s ls=10484
  [256/720] A-n80-k10 ga_ls time=30 seed=68348: D=1865.0 gap=5.79% evals=50443 30.00s ls=13393
  [257/720] A-n80-k10 pso_tuned time=30 seed=68349: D=1808.0 gap=2.55% evals=36880 30.00s ls=9296
  [258/720] A-n80-k10 ortools time=30 seed=68349: D=1793.0 gap=1.70% evals=0 29.90s ls=0
  [259/720] A-n80-k10 qn_tuned time=30 seed=68349: D=1789.0 gap=1.47% evals=50544 30.00s ls=12403
  [260/720] A-n80-k10 ga_ls time=30 seed=68349: D=1845.0 gap=4.65% evals=48908 30.00s ls=12988
  [261/720] A-n80-k10 qn_tuned time=30 seed=68350: D=1785.0 gap=1.25% evals=48110 30.00s ls=11833
  [262/720] A-n80-k10 pso_tuned time=30 seed=68350: D=1816.0 gap=3.01% evals=39199 30.00s ls=9878
  [263/720] A-n80-k10 ortools time=30 seed=68350: D=1793.0 gap=1.70% evals=0 29.90s ls=0
  [264/720] A-n80-k10 ga_ls time=30 seed=68350: D=1889.0 gap=7.15% evals=48658 30.00s ls=12918
  [265/720] A-n80-k10 ortools time=30 seed=68351: D=1793.0 gap=1.70% evals=0 29.90s ls=0
  [266/720] A-n80-k10 pso_tuned time=30 seed=68351: D=1804.0 gap=2.33% evals=35979 30.00s ls=9070
  [267/720] A-n80-k10 ga_ls time=30 seed=68351: D=1871.0 gap=6.13% evals=50226 30.00s ls=13332
  [268/720] A-n80-k10 qn_tuned time=30 seed=68351: D=1779.0 gap=0.91% evals=39220 30.00s ls=9646
  [269/720] A-n80-k10 qn_tuned time=30 seed=68352: D=1800.0 gap=2.10% evals=54778 30.00s ls=13447
  [270/720] A-n80-k10 ortools time=30 seed=68352: D=1793.0 gap=1.70% evals=0 29.90s ls=0
  [271/720] A-n80-k10 pso_tuned time=30 seed=68352: D=1802.0 gap=2.21% evals=36496 30.00s ls=9202
  [272/720] A-n80-k10 ga_ls time=30 seed=68352: D=1829.0 gap=3.74% evals=49192 30.00s ls=13060
  [273/720] A-n80-k10 ortools time=30 seed=68353: D=1793.0 gap=1.70% evals=0 29.90s ls=0
  [274/720] A-n80-k10 pso_tuned time=30 seed=68353: D=1825.0 gap=3.52% evals=36604 30.00s ls=9232
  [275/720] A-n80-k10 ga_ls time=30 seed=68353: D=1867.0 gap=5.90% evals=49137 30.00s ls=13050
  [276/720] A-n80-k10 qn_tuned time=30 seed=68353: D=1789.0 gap=1.47% evals=48581 30.00s ls=11934
  [277/720] A-n80-k10 pso_tuned time=30 seed=68354: D=1811.0 gap=2.72% evals=35840 30.00s ls=9033
  [278/720] A-n80-k10 ortools time=30 seed=68354: D=1797.0 gap=1.93% evals=0 29.90s ls=0
  [279/720] A-n80-k10 ga_ls time=30 seed=68354: D=1854.0 gap=5.16% evals=47750 30.00s ls=12676
  [280/720] A-n80-k10 qn_tuned time=30 seed=68354: D=1790.0 gap=1.53% evals=50505 30.00s ls=12423
  [281/720] A-n80-k10 ortools time=30 seed=68355: D=1793.0 gap=1.70% evals=0 29.90s ls=0
  [282/720] A-n80-k10 qn_tuned time=30 seed=68355: D=1780.0 gap=0.96% evals=50168 30.00s ls=12345
  [283/720] A-n80-k10 ga_ls time=30 seed=68355: D=1847.0 gap=4.76% evals=47480 30.00s ls=12605
  [284/720] A-n80-k10 ortools time=30 seed=68356: D=1793.0 gap=1.70% evals=0 29.90s ls=0
  [285/720] A-n80-k10 pso_tuned time=30 seed=68355: D=1835.0 gap=4.08% evals=37689 30.00s ls=9505
  [286/720] A-n80-k10 pso_tuned time=30 seed=68356: D=1852.0 gap=5.05% evals=41641 30.00s ls=10504
  [287/720] A-n80-k10 ga_ls time=30 seed=68356: D=1843.0 gap=4.54% evals=49877 30.00s ls=13242
  [288/720] A-n80-k10 qn_tuned time=30 seed=68356: D=1779.0 gap=0.91% evals=43789 30.00s ls=10747
  [289/720] A-n80-k10 ortools time=30 seed=68357: D=1793.0 gap=1.70% evals=0 29.90s ls=0
  [290/720] A-n80-k10 qn_tuned time=30 seed=68357: D=1775.0 gap=0.68% evals=49532 30.00s ls=12151
  [291/720] A-n80-k10 pso_tuned time=30 seed=68357: D=1823.0 gap=3.40% evals=39640 30.00s ls=9990
  [292/720] A-n80-k10 ortools time=30 seed=68358: D=1793.0 gap=1.70% evals=0 29.90s ls=0
  [293/720] A-n80-k10 ga_ls time=30 seed=68357: D=1832.0 gap=3.91% evals=50435 30.00s ls=13393
  [294/720] A-n80-k10 ga_ls time=30 seed=68358: D=1815.0 gap=2.95% evals=49898 30.00s ls=13252
  [295/720] A-n80-k10 qn_tuned time=30 seed=68358: D=1783.0 gap=1.13% evals=54653 30.00s ls=13444
  [296/720] A-n80-k10 pso_tuned time=30 seed=68358: D=1833.0 gap=3.97% evals=40920 30.00s ls=10322
  [297/720] A-n80-k10 ga_ls time=30 seed=68359: D=1901.0 gap=7.83% evals=50010 30.00s ls=13282
  [298/720] A-n80-k10 pso_tuned time=30 seed=68359: D=1826.0 gap=3.57% evals=39480 30.00s ls=9951
  [299/720] A-n80-k10 ortools time=30 seed=68359: D=1793.0 gap=1.70% evals=0 29.90s ls=0
  [300/720] A-n80-k10 qn_tuned time=30 seed=68359: D=1801.0 gap=2.16% evals=53348 30.00s ls=13100
  [301/720] A-n80-k10 qn_tuned time=30 seed=68360: D=1786.0 gap=1.30% evals=44844 30.01s ls=11045
  [302/720] A-n80-k10 ga_ls time=30 seed=68360: D=1859.0 gap=5.45% evals=48870 30.00s ls=12975
  [303/720] A-n80-k10 ortools time=30 seed=68360: D=1793.0 gap=1.70% evals=0 29.90s ls=0
  [304/720] A-n80-k10 pso_tuned time=30 seed=68360: D=1820.0 gap=3.23% evals=37360 30.00s ls=9418
  [305/720] A-n80-k10 pso_tuned time=30 seed=68361: D=1828.0 gap=3.69% evals=39744 30.00s ls=10020
  [306/720] A-n80-k10 qn_tuned time=30 seed=68361: D=1779.0 gap=0.91% evals=52627 30.00s ls=12878
  [307/720] A-n80-k10 ortools time=30 seed=68361: D=1793.0 gap=1.70% evals=0 29.90s ls=0
  [308/720] A-n80-k10 ga_ls time=30 seed=68361: D=1939.0 gap=9.98% evals=48481 30.00s ls=12868
  [309/720] A-n80-k10 qn_tuned time=30 seed=68362: D=1782.0 gap=1.08% evals=53148 30.00s ls=13087
  [310/720] A-n80-k10 ortools time=30 seed=68362: D=1797.0 gap=1.93% evals=0 29.90s ls=0
  [311/720] A-n80-k10 pso_tuned time=30 seed=68362: D=1801.0 gap=2.16% evals=35440 30.00s ls=8930
  [312/720] A-n80-k10 ga_ls time=30 seed=68362: D=1850.0 gap=4.93% evals=49558 30.00s ls=13161
  [313/720] A-n80-k10 ortools time=30 seed=68363: D=1793.0 gap=1.70% evals=0 29.90s ls=0
  [314/720] A-n80-k10 pso_tuned time=30 seed=68363: D=1812.0 gap=2.78% evals=35920 30.00s ls=9051
  [315/720] A-n80-k10 ga_ls time=30 seed=68363: D=1889.0 gap=7.15% evals=48452 30.00s ls=12867
  [316/720] A-n80-k10 qn_tuned time=30 seed=68363: D=1793.0 gap=1.70% evals=49190 30.00s ls=12070
  [317/720] A-n80-k10 ortools time=30 seed=68364: D=1793.0 gap=1.70% evals=0 29.90s ls=0
  [318/720] A-n80-k10 pso_tuned time=30 seed=68364: D=1828.0 gap=3.69% evals=36360 30.00s ls=9171
  [319/720] A-n80-k10 qn_tuned time=30 seed=68364: D=1780.0 gap=0.96% evals=48588 30.00s ls=11959
  [320/720] A-n80-k10 ga_ls time=30 seed=68364: D=1828.0 gap=3.69% evals=48468 30.00s ls=12868
  [321/720] A-n80-k10 ga_ls time=30 seed=68365: D=1868.0 gap=5.96% evals=49636 30.00s ls=13181
  [322/720] A-n80-k10 pso_tuned time=30 seed=68365: D=1818.0 gap=3.12% evals=36400 30.00s ls=9175
  [323/720] A-n80-k10 ortools time=30 seed=68365: D=1793.0 gap=1.70% evals=0 29.90s ls=0
  [324/720] A-n80-k10 qn_tuned time=30 seed=68365: D=1780.0 gap=0.96% evals=52368 30.00s ls=12868
  [325/720] A-n80-k10 qn_tuned time=30 seed=68366: D=1778.0 gap=0.85% evals=41139 30.00s ls=10100
  [326/720] A-n80-k10 ortools time=30 seed=68366: D=1793.0 gap=1.70% evals=0 29.90s ls=0
  [327/720] A-n80-k10 pso_tuned time=30 seed=68366: D=1811.0 gap=2.72% evals=37324 30.00s ls=9414
  [328/720] A-n80-k10 ortools time=30 seed=68367: D=1793.0 gap=1.70% evals=0 29.90s ls=0
  [329/720] A-n80-k10 ga_ls time=30 seed=68366: D=1867.0 gap=5.90% evals=49520 30.00s ls=13151
  [330/720] A-n80-k10 qn_tuned time=30 seed=68367: D=1780.0 gap=0.96% evals=50948 30.00s ls=12532
  [331/720] A-n80-k10 ga_ls time=30 seed=68367: D=1857.0 gap=5.33% evals=50905 30.00s ls=13514
  [332/720] A-n80-k10 pso_tuned time=30 seed=68367: D=1814.0 gap=2.89% evals=38430 30.00s ls=9686
  [333/720] A-n80-k10 ortools time=30 seed=68368: D=1793.0 gap=1.70% evals=0 29.90s ls=0
  [334/720] A-n80-k10 ga_ls time=30 seed=68368: D=1907.0 gap=8.17% evals=50124 30.00s ls=13310
  [335/720] A-n80-k10 pso_tuned time=30 seed=68368: D=1809.0 gap=2.61% evals=41360 30.00s ls=10431
  [336/720] A-n80-k10 qn_tuned time=30 seed=68368: D=1765.0 gap=0.11% evals=45438 30.00s ls=11171
  [337/720] A-n80-k10 qn_tuned time=30 seed=68369: D=1798.0 gap=1.99% evals=43877 30.00s ls=10747
  [338/720] A-n80-k10 pso_tuned time=30 seed=68369: D=1822.0 gap=3.35% evals=37305 30.00s ls=9404
  [339/720] A-n80-k10 ortools time=30 seed=68369: D=1793.0 gap=1.70% evals=0 29.90s ls=0
  [340/720] A-n80-k10 ga_ls time=30 seed=68369: D=1859.0 gap=5.45% evals=48565 30.00s ls=12888
  [341/720] A-n80-k10 ortools time=30 seed=68370: D=1793.0 gap=1.70% evals=0 29.90s ls=0
  [342/720] A-n80-k10 pso_tuned time=30 seed=68370: D=1827.0 gap=3.63% evals=40640 30.00s ls=10252
  [343/720] A-n80-k10 qn_tuned time=30 seed=68370: D=1779.0 gap=0.91% evals=44059 30.00s ls=10828
  [344/720] A-n80-k10 ga_ls time=30 seed=68370: D=1859.0 gap=5.45% evals=47547 30.00s ls=12625
  [345/720] A-n80-k10 ga_ls time=30 seed=68371: D=1893.0 gap=7.37% evals=46646 30.00s ls=12383
  [346/720] A-n80-k10 pso_tuned time=30 seed=68371: D=1822.0 gap=3.35% evals=40212 30.00s ls=10141
  [347/720] A-n80-k10 ortools time=30 seed=68371: D=1793.0 gap=1.70% evals=0 29.90s ls=0
  [348/720] A-n80-k10 qn_tuned time=30 seed=68371: D=1777.0 gap=0.79% evals=41551 30.00s ls=10222
  [349/720] A-n80-k10 pso_tuned time=30 seed=68372: D=1823.0 gap=3.40% evals=34767 30.00s ls=8767
  [350/720] A-n80-k10 qn_tuned time=30 seed=68372: D=1780.0 gap=0.96% evals=46485 30.00s ls=11377
  [351/720] A-n80-k10 ortools time=30 seed=68372: D=1793.0 gap=1.70% evals=0 29.90s ls=0
  [352/720] A-n80-k10 ga_ls time=30 seed=68372: D=1855.0 gap=5.22% evals=48556 30.00s ls=12888
  [353/720] A-n80-k10 qn_tuned time=30 seed=68373: D=1785.0 gap=1.25% evals=45890 30.00s ls=11292
  [354/720] A-n80-k10 ortools time=30 seed=68373: D=1793.0 gap=1.70% evals=0 29.90s ls=0
  [355/720] A-n80-k10 ga_ls time=30 seed=68373: D=1871.0 gap=6.13% evals=48606 30.00s ls=12908
  [356/720] A-n80-k10 pso_tuned time=30 seed=68373: D=1833.0 gap=3.97% evals=38360 30.00s ls=9671
  [357/720] A-n80-k10 qn_tuned time=30 seed=68374: D=1782.0 gap=1.08% evals=46948 30.00s ls=11568
  [358/720] A-n80-k10 pso_tuned time=30 seed=68374: D=1839.0 gap=4.31% evals=40520 30.00s ls=10222
  [359/720] A-n80-k10 ortools time=30 seed=68374: D=1793.0 gap=1.70% evals=0 29.90s ls=0
  [360/720] A-n80-k10 ga_ls time=30 seed=68374: D=1868.0 gap=5.96% evals=48998 30.00s ls=13009
  [361/720] CMT1 ortools time=30 seed=69345: D=524.6 gap=0.00% evals=0 29.90s ls=0
  [362/720] CMT1 pso_tuned time=30 seed=69345: D=524.6 gap=0.00% evals=70000 30.00s ls=17657
  [363/720] CMT1 ga_ls time=30 seed=69345: D=551.5 gap=5.13% evals=65010 30.00s ls=17261
  [364/720] CMT1 qn_tuned time=30 seed=69345: D=531.0 gap=1.22% evals=83234 30.00s ls=20365
  [365/720] CMT1 ortools time=30 seed=69346: D=524.6 gap=0.00% evals=0 29.91s ls=0
  [366/720] CMT1 pso_tuned time=30 seed=69346: D=524.6 gap=0.00% evals=72200 30.00s ls=18220
  [367/720] CMT1 ga_ls time=30 seed=69346: D=552.6 gap=5.33% evals=63728 30.00s ls=16924
  [368/720] CMT1 ortools time=30 seed=69347: D=524.6 gap=0.00% evals=0 29.91s ls=0
  [369/720] CMT1 qn_tuned time=30 seed=69346: D=524.6 gap=0.00% evals=85864 30.00s ls=21049
  [370/720] CMT1 qn_tuned time=30 seed=69347: D=524.6 gap=0.00% evals=92396 30.00s ls=22629
  [371/720] CMT1 pso_tuned time=30 seed=69347: D=524.6 gap=0.00% evals=70640 30.00s ls=17827
  [372/720] CMT1 ga_ls time=30 seed=69347: D=529.8 gap=0.98% evals=65010 30.00s ls=17261
  [373/720] CMT1 ortools time=30 seed=69348: D=524.6 gap=0.00% evals=0 29.90s ls=0
  [374/720] CMT1 ga_ls time=30 seed=69348: D=547.1 gap=4.29% evals=64906 30.00s ls=17234
  [375/720] CMT1 pso_tuned time=30 seed=69348: D=524.6 gap=0.00% evals=69440 30.00s ls=17521
  [376/720] CMT1 qn_tuned time=30 seed=69348: D=524.6 gap=0.00% evals=83125 30.00s ls=20423
  [377/720] CMT1 ortools time=30 seed=69349: D=524.6 gap=0.00% evals=0 29.90s ls=0
  [378/720] CMT1 ga_ls time=30 seed=69349: D=547.1 gap=4.29% evals=65352 30.00s ls=17352
  [379/720] CMT1 pso_tuned time=30 seed=69349: D=524.6 gap=0.00% evals=72192 30.00s ls=18211
  [380/720] CMT1 ortools time=30 seed=69350: D=524.6 gap=0.00% evals=0 29.90s ls=0
  [381/720] CMT1 qn_tuned time=30 seed=69349: D=533.0 gap=1.60% evals=85213 30.00s ls=20877
  [382/720] CMT1 ga_ls time=30 seed=69350: D=555.9 gap=5.97% evals=65919 30.00s ls=17504
  [383/720] CMT1 pso_tuned time=30 seed=69350: D=524.6 gap=0.00% evals=70960 30.00s ls=17903
  [384/720] CMT1 qn_tuned time=30 seed=69350: D=524.6 gap=0.00% evals=84785 30.00s ls=20796
  [385/720] CMT1 qn_tuned time=30 seed=69351: D=524.6 gap=0.00% evals=85738 30.00s ls=21030
  [386/720] CMT1 ortools time=30 seed=69351: D=524.6 gap=0.00% evals=0 29.90s ls=0
  [387/720] CMT1 ga_ls time=30 seed=69351: D=553.8 gap=5.56% evals=66198 30.00s ls=17582
  [388/720] CMT1 pso_tuned time=30 seed=69351: D=524.6 gap=0.00% evals=72010 30.00s ls=18170
  [389/720] CMT1 ortools time=30 seed=69352: D=524.6 gap=0.00% evals=0 29.90s ls=0
  [390/720] CMT1 ortools time=30 seed=69353: D=524.6 gap=0.00% evals=0 29.90s ls=0
  [391/720] CMT1 qn_tuned time=30 seed=69352: D=524.6 gap=0.00% evals=85725 30.00s ls=20980
  [392/720] CMT1 pso_tuned time=30 seed=69352: D=524.6 gap=0.00% evals=71600 30.00s ls=18067
  [393/720] CMT1 ga_ls time=30 seed=69352: D=546.1 gap=4.09% evals=65744 30.00s ls=17463
  [394/720] CMT1 pso_tuned time=30 seed=69353: D=524.6 gap=0.00% evals=71840 30.00s ls=18126
  [395/720] CMT1 qn_tuned time=30 seed=69353: D=524.6 gap=0.00% evals=89771 30.00s ls=21976
  [396/720] CMT1 ga_ls time=30 seed=69353: D=524.6 gap=0.00% evals=64775 30.00s ls=17201
  [397/720] CMT1 ortools time=30 seed=69354: D=524.6 gap=0.00% evals=0 29.90s ls=0
  [398/720] CMT1 pso_tuned time=30 seed=69354: D=524.6 gap=0.00% evals=72351 30.00s ls=18251
  [399/720] CMT1 ga_ls time=30 seed=69354: D=548.6 gap=4.57% evals=66730 30.00s ls=17725
  [400/720] CMT1 qn_tuned time=30 seed=69354: D=524.6 gap=0.00% evals=91120 30.00s ls=22261
  [401/720] CMT1 ortools time=30 seed=69355: D=524.6 gap=0.00% evals=0 29.90s ls=0
  [402/720] CMT1 ga_ls time=30 seed=69355: D=534.9 gap=1.96% evals=66091 30.00s ls=17554
  [403/720] CMT1 pso_tuned time=30 seed=69355: D=524.6 gap=0.00% evals=71400 30.00s ls=18016
  [404/720] CMT1 qn_tuned time=30 seed=69355: D=524.6 gap=0.00% evals=90796 30.00s ls=22276
  [405/720] CMT1 ga_ls time=30 seed=69356: D=549.3 gap=4.70% evals=64851 30.00s ls=17221
  [406/720] CMT1 ortools time=30 seed=69356: D=524.6 gap=0.00% evals=0 29.90s ls=0
  [407/720] CMT1 pso_tuned time=30 seed=69356: D=524.6 gap=0.00% evals=69760 30.00s ls=17601
  [408/720] CMT1 qn_tuned time=30 seed=69356: D=524.6 gap=0.00% evals=85785 30.00s ls=21029
  [409/720] CMT1 ortools time=30 seed=69357: D=524.6 gap=0.00% evals=0 29.90s ls=0
  [410/720] CMT1 qn_tuned time=30 seed=69357: D=531.0 gap=1.22% evals=87969 30.00s ls=21564
  [411/720] CMT1 ga_ls time=30 seed=69357: D=560.5 gap=6.84% evals=64146 30.00s ls=17036
  [412/720] CMT1 ortools time=30 seed=69358: D=524.6 gap=0.00% evals=0 29.90s ls=0
  [413/720] CMT1 pso_tuned time=30 seed=69357: D=524.6 gap=0.00% evals=70350 30.00s ls=17746
  [414/720] CMT1 ga_ls time=30 seed=69358: D=532.0 gap=1.41% evals=62511 30.00s ls=16595
  [415/720] CMT1 pso_tuned time=30 seed=69358: D=524.6 gap=0.00% evals=71680 30.00s ls=18084
  [416/720] CMT1 qn_tuned time=30 seed=69358: D=524.6 gap=0.00% evals=89252 30.00s ls=21800
  [417/720] CMT1 ortools time=30 seed=69359: D=524.6 gap=0.00% evals=0 29.90s ls=0
  [418/720] CMT1 pso_tuned time=30 seed=69359: D=524.6 gap=0.00% evals=69461 30.00s ls=17524
  [419/720] CMT1 ga_ls time=30 seed=69359: D=525.1 gap=0.10% evals=65822 30.00s ls=17484
  [420/720] CMT1 qn_tuned time=30 seed=69359: D=524.6 gap=0.00% evals=92316 30.00s ls=22624
  [421/720] CMT1 pso_tuned time=30 seed=69360: D=524.6 gap=0.00% evals=71120 30.00s ls=17945
  [422/720] CMT1 ortools time=30 seed=69360: D=524.6 gap=0.00% evals=0 29.90s ls=0
  [423/720] CMT1 ga_ls time=30 seed=69360: D=547.1 gap=4.29% evals=64336 30.00s ls=17082
  [424/720] CMT1 qn_tuned time=30 seed=69360: D=524.6 gap=0.00% evals=93473 30.00s ls=22856
  [425/720] CMT1 ortools time=30 seed=69361: D=524.6 gap=0.00% evals=0 29.91s ls=0
  [426/720] CMT1 pso_tuned time=30 seed=69361: D=524.6 gap=0.00% evals=71440 30.00s ls=18025
  [427/720] CMT1 qn_tuned time=30 seed=69361: D=531.0 gap=1.22% evals=87226 30.00s ls=21372
  [428/720] CMT1 ga_ls time=30 seed=69361: D=546.1 gap=4.09% evals=64751 30.00s ls=17191
  [429/720] CMT1 pso_tuned time=30 seed=69362: D=524.6 gap=0.00% evals=73160 30.00s ls=18456
  [430/720] CMT1 ortools time=30 seed=69362: D=524.6 gap=0.00% evals=0 29.91s ls=0
  [431/720] CMT1 qn_tuned time=30 seed=69362: D=524.6 gap=0.00% evals=85008 30.00s ls=20848
  [432/720] CMT1 ga_ls time=30 seed=69362: D=548.0 gap=4.47% evals=59811 30.00s ls=15878
  [433/720] CMT1 ortools time=30 seed=69363: D=524.6 gap=0.00% evals=0 29.90s ls=0
  [434/720] CMT1 pso_tuned time=30 seed=69363: D=524.6 gap=0.00% evals=64421 30.00s ls=16251
  [435/720] CMT1 qn_tuned time=30 seed=69363: D=531.0 gap=1.22% evals=81515 30.00s ls=19998
  [436/720] CMT1 ga_ls time=30 seed=69363: D=525.1 gap=0.10% evals=62018 30.00s ls=16474
  [437/720] CMT1 qn_tuned time=30 seed=69364: D=524.6 gap=0.00% evals=80594 30.00s ls=19729
  [438/720] CMT1 pso_tuned time=30 seed=69364: D=524.6 gap=0.00% evals=66800 30.00s ls=16854
  [439/720] CMT1 ga_ls time=30 seed=69364: D=527.7 gap=0.58% evals=61024 30.00s ls=16201
  [440/720] CMT1 ortools time=30 seed=69364: D=524.6 gap=0.00% evals=0 29.91s ls=0
  [441/720] CMT1 ortools time=30 seed=69365: D=524.6 gap=0.00% evals=0 29.90s ls=0
  [442/720] CMT1 pso_tuned time=30 seed=69365: D=524.6 gap=0.00% evals=70045 30.00s ls=17675
  [443/720] CMT1 qn_tuned time=30 seed=69365: D=524.6 gap=0.00% evals=89106 30.00s ls=21857
  [444/720] CMT1 ga_ls time=30 seed=69365: D=524.9 gap=0.06% evals=64847 30.00s ls=17221
  [445/720] CMT1 ortools time=30 seed=69366: D=524.6 gap=0.00% evals=0 29.90s ls=0
  [446/720] CMT1 qn_tuned time=30 seed=69366: D=524.6 gap=0.00% evals=87432 30.00s ls=21412
  [447/720] CMT1 pso_tuned time=30 seed=69366: D=524.6 gap=0.00% evals=69720 30.00s ls=17595
  [448/720] CMT1 ga_ls time=30 seed=69366: D=524.9 gap=0.06% evals=64713 30.00s ls=17181
  [449/720] CMT1 pso_tuned time=30 seed=69367: D=524.6 gap=0.00% evals=69080 30.00s ls=17426
  [450/720] CMT1 ortools time=30 seed=69367: D=524.6 gap=0.00% evals=0 29.90s ls=0
  [451/720] CMT1 qn_tuned time=30 seed=69367: D=524.6 gap=0.00% evals=85287 30.00s ls=20838
  [452/720] CMT1 ga_ls time=30 seed=69367: D=564.1 gap=7.53% evals=64010 30.00s ls=16999
  [453/720] CMT1 ortools time=30 seed=69368: D=524.6 gap=0.00% evals=0 29.90s ls=0
  [454/720] CMT1 ga_ls time=30 seed=69368: D=524.6 gap=0.00% evals=64675 30.00s ls=17170
  [455/720] CMT1 qn_tuned time=30 seed=69368: D=524.6 gap=0.00% evals=83891 30.00s ls=20564
  [456/720] CMT1 ortools time=30 seed=69369: D=524.6 gap=0.00% evals=0 29.90s ls=0
  [457/720] CMT1 pso_tuned time=30 seed=69368: D=524.6 gap=0.00% evals=68581 30.00s ls=17302
  [458/720] CMT1 ga_ls time=30 seed=69369: D=529.8 gap=0.98% evals=65009 30.00s ls=17261
  [459/720] CMT1 pso_tuned time=30 seed=69369: D=524.6 gap=0.00% evals=71080 30.00s ls=17936
  [460/720] CMT1 qn_tuned time=30 seed=69369: D=524.6 gap=0.00% evals=89389 30.00s ls=21857
  [461/720] CMT1 qn_tuned time=30 seed=69370: D=524.6 gap=0.00% evals=89580 30.00s ls=21938
  [462/720] CMT1 pso_tuned time=30 seed=69370: D=524.6 gap=0.00% evals=66778 30.00s ls=16847
  [463/720] CMT1 ortools time=30 seed=69370: D=524.6 gap=0.00% evals=0 29.90s ls=0
  [464/720] CMT1 ortools time=30 seed=69371: D=524.6 gap=0.00% evals=0 29.90s ls=0
  [465/720] CMT1 ga_ls time=30 seed=69370: D=559.2 gap=6.59% evals=63500 30.00s ls=16859
  [466/720] CMT1 pso_tuned time=30 seed=69371: D=524.6 gap=0.00% evals=69534 30.00s ls=17544
  [467/720] CMT1 qn_tuned time=30 seed=69371: D=524.6 gap=0.00% evals=84653 30.00s ls=20716
  [468/720] CMT1 ga_ls time=30 seed=69371: D=545.6 gap=3.99% evals=66088 30.00s ls=17554
  [469/720] CMT1 ortools time=30 seed=69372: D=524.6 gap=0.00% evals=0 29.90s ls=0
  [470/720] CMT1 pso_tuned time=30 seed=69372: D=524.6 gap=0.00% evals=69418 30.00s ls=17514
  [471/720] CMT1 ga_ls time=30 seed=69372: D=551.5 gap=5.13% evals=64879 30.00s ls=17231
  [472/720] CMT1 qn_tuned time=30 seed=69372: D=527.7 gap=0.58% evals=84596 30.00s ls=20746
  [473/720] CMT1 qn_tuned time=30 seed=69373: D=524.6 gap=0.00% evals=89898 30.00s ls=22059
  [474/720] CMT1 ortools time=30 seed=69373: D=524.6 gap=0.00% evals=0 29.90s ls=0
  [475/720] CMT1 pso_tuned time=30 seed=69373: D=524.6 gap=0.00% evals=68920 30.00s ls=17393
  [476/720] CMT1 ga_ls time=30 seed=69373: D=546.1 gap=4.09% evals=62772 30.00s ls=16665
  [477/720] CMT1 ortools time=30 seed=69374: D=524.6 gap=0.00% evals=0 29.91s ls=0
  [478/720] CMT1 qn_tuned time=30 seed=69374: D=527.7 gap=0.58% evals=88212 30.00s ls=21554
  [479/720] CMT1 pso_tuned time=30 seed=69374: D=533.0 gap=1.60% evals=69760 30.00s ls=17601
  [480/720] CMT1 ga_ls time=30 seed=69374: D=538.8 gap=2.70% evals=64212 30.00s ls=17049
  [481/720] CMT5 ortools time=60 seed=70345: D=1389.4 gap=7.60% evals=0 59.90s ls=0
  [482/720] CMT5 ga_ls time=60 seed=70345: D=1403.0 gap=8.65% evals=32422 60.00s ls=8606
  [483/720] CMT5 qn_tuned time=60 seed=70345: D=1391.7 gap=7.77% evals=7923 60.00s ls=1951
  [484/720] CMT5 pso_tuned time=60 seed=70345: D=1410.4 gap=9.22% evals=6360 60.01s ls=1591
  [485/720] CMT5 pso_tuned time=60 seed=70346: D=1419.5 gap=9.93% evals=5560 60.01s ls=1389
  [486/720] CMT5 ortools time=60 seed=70346: D=1389.4 gap=7.60% evals=0 59.90s ls=0
  [487/720] CMT5 qn_tuned time=60 seed=70346: D=1406.6 gap=8.93% evals=6314 60.01s ls=1552
  [488/720] CMT5 ga_ls time=60 seed=70346: D=1379.2 gap=6.80% evals=32081 60.00s ls=8515
  [489/720] CMT5 ortools time=60 seed=70347: D=1389.4 gap=7.60% evals=0 59.90s ls=0
  [490/720] CMT5 pso_tuned time=60 seed=70347: D=1409.2 gap=9.13% evals=5920 60.01s ls=1479
  [491/720] CMT5 ga_ls time=60 seed=70347: D=1415.1 gap=9.59% evals=32174 60.00s ls=8535
  [492/720] CMT5 qn_tuned time=60 seed=70347: D=1379.7 gap=6.84% evals=6580 60.01s ls=1636
  [493/720] CMT5 ga_ls time=60 seed=70348: D=1424.1 gap=10.29% evals=32049 60.00s ls=8505
  [494/720] CMT5 ortools time=60 seed=70348: D=1389.4 gap=7.60% evals=0 59.90s ls=0
  [495/720] CMT5 pso_tuned time=60 seed=70348: D=1416.0 gap=9.66% evals=6560 60.01s ls=1638
  [496/720] CMT5 qn_tuned time=60 seed=70348: D=1373.0 gap=6.33% evals=5347 60.01s ls=1314
  [497/720] CMT5 ortools time=60 seed=70349: D=1389.4 gap=7.60% evals=0 59.91s ls=0
  [498/720] CMT5 qn_tuned time=60 seed=70349: D=1388.6 gap=7.54% evals=6414 60.00s ls=1571
  [499/720] CMT5 ga_ls time=60 seed=70349: D=1420.7 gap=10.02% evals=31618 60.00s ls=8390
  [500/720] CMT5 pso_tuned time=60 seed=70349: D=1411.7 gap=9.33% evals=6440 60.00s ls=1610
  [501/720] CMT5 qn_tuned time=60 seed=70350: D=1374.0 gap=6.41% evals=6279 60.01s ls=1543
  [502/720] CMT5 pso_tuned time=60 seed=70350: D=1410.0 gap=9.19% evals=5840 60.00s ls=1460
  [503/720] CMT5 ortools time=60 seed=70350: D=1389.4 gap=7.60% evals=0 59.91s ls=0
  [504/720] CMT5 ortools time=60 seed=70351: D=1389.4 gap=7.60% evals=0 59.90s ls=0
  [505/720] CMT5 ga_ls time=60 seed=70350: D=1433.8 gap=11.03% evals=31386 60.00s ls=8323
  [506/720] CMT5 pso_tuned time=60 seed=70351: D=1432.1 gap=10.91% evals=7160 60.00s ls=1794
  [507/720] CMT5 ga_ls time=60 seed=70351: D=1410.1 gap=9.20% evals=31846 60.00s ls=8453
  [508/720] CMT5 qn_tuned time=60 seed=70351: D=1417.3 gap=9.76% evals=6788 60.00s ls=1674
  [509/720] CMT5 qn_tuned time=60 seed=70352: D=1397.2 gap=8.20% evals=5733 60.01s ls=1418
  [510/720] CMT5 pso_tuned time=60 seed=70352: D=1401.0 gap=8.50% evals=5680 60.00s ls=1420
  [511/720] CMT5 ortools time=60 seed=70352: D=1389.4 gap=7.60% evals=0 59.90s ls=0
  [512/720] CMT5 ga_ls time=60 seed=70352: D=1424.7 gap=10.33% evals=32328 60.00s ls=8575
  [513/720] CMT5 ga_ls time=60 seed=70353: D=1385.2 gap=7.27% evals=32395 60.00s ls=8596
  [514/720] CMT5 qn_tuned time=60 seed=70353: D=1386.5 gap=7.37% evals=6412 60.00s ls=1587
  [515/720] CMT5 ortools time=60 seed=70353: D=1389.4 gap=7.60% evals=0 59.90s ls=0
  [516/720] CMT5 pso_tuned time=60 seed=70353: D=1396.9 gap=8.18% evals=6000 60.01s ls=1500
  [517/720] CMT5 pso_tuned time=60 seed=70354: D=1435.6 gap=11.18% evals=6600 60.00s ls=1654
  [518/720] CMT5 ga_ls time=60 seed=70354: D=1396.2 gap=8.12% evals=32327 60.00s ls=8575
  [519/720] CMT5 qn_tuned time=60 seed=70354: D=1405.3 gap=8.83% evals=6195 60.00s ls=1539
  [520/720] CMT5 ortools time=60 seed=70354: D=1389.4 gap=7.60% evals=0 59.90s ls=0
  [521/720] CMT5 ga_ls time=60 seed=70355: D=1416.0 gap=9.66% evals=32150 60.00s ls=8534
  [522/720] CMT5 pso_tuned time=60 seed=70355: D=1411.4 gap=9.30% evals=5960 60.00s ls=1487
  [523/720] CMT5 ortools time=60 seed=70355: D=1389.4 gap=7.60% evals=0 59.92s ls=0
  [524/720] CMT5 qn_tuned time=60 seed=70355: D=1426.4 gap=10.46% evals=6940 60.00s ls=1711
  [525/720] CMT5 qn_tuned time=60 seed=70356: D=1412.5 gap=9.39% evals=6673 60.01s ls=1638
  [526/720] CMT5 pso_tuned time=60 seed=70356: D=1427.8 gap=10.57% evals=6012 60.00s ls=1505
  [527/720] CMT5 ortools time=60 seed=70356: D=1389.4 gap=7.60% evals=0 59.90s ls=0
  [528/720] CMT5 ga_ls time=60 seed=70356: D=1353.6 gap=4.83% evals=32461 60.00s ls=8616
  [529/720] CMT5 ga_ls time=60 seed=70357: D=1399.7 gap=8.39% evals=31504 60.00s ls=8356
  [530/720] CMT5 qn_tuned time=60 seed=70357: D=1413.0 gap=9.42% evals=6512 60.01s ls=1619
  [531/720] CMT5 ortools time=60 seed=70357: D=1389.4 gap=7.60% evals=0 59.90s ls=0
  [532/720] CMT5 pso_tuned time=60 seed=70357: D=1413.1 gap=9.43% evals=5640 60.01s ls=1412
  [533/720] CMT5 ga_ls time=60 seed=70358: D=1426.4 gap=10.47% evals=32150 60.00s ls=8531
  [534/720] CMT5 ortools time=60 seed=70358: D=1389.4 gap=7.60% evals=0 59.90s ls=0
  [535/720] CMT5 pso_tuned time=60 seed=70358: D=1421.0 gap=10.04% evals=5758 60.00s ls=1435
  [536/720] CMT5 qn_tuned time=60 seed=70358: D=1422.3 gap=10.15% evals=6040 60.00s ls=1486
  [537/720] CMT5 ga_ls time=60 seed=70359: D=1391.3 gap=7.75% evals=31770 60.00s ls=8424
  [538/720] CMT5 qn_tuned time=60 seed=70359: D=1421.0 gap=10.05% evals=6333 60.00s ls=1563
  [539/720] CMT5 pso_tuned time=60 seed=70359: D=1399.0 gap=8.34% evals=5496 60.00s ls=1374
  [540/720] CMT5 ortools time=60 seed=70359: D=1389.4 gap=7.60% evals=0 59.90s ls=0
  [541/720] CMT5 pso_tuned time=60 seed=70360: D=1433.3 gap=11.00% evals=6560 60.00s ls=1641
  [542/720] CMT5 ga_ls time=60 seed=70360: D=1424.1 gap=10.29% evals=30973 60.00s ls=8222
  [543/720] CMT5 qn_tuned time=60 seed=70360: D=1389.2 gap=7.58% evals=6034 60.00s ls=1495
  [544/720] CMT5 ortools time=60 seed=70360: D=1389.4 gap=7.60% evals=0 59.91s ls=0
  [545/720] CMT5 ortools time=60 seed=70361: D=1389.4 gap=7.60% evals=0 59.91s ls=0
  [546/720] CMT5 ga_ls time=60 seed=70361: D=1422.4 gap=10.16% evals=31654 60.00s ls=8394
  [547/720] CMT5 pso_tuned time=60 seed=70361: D=1436.1 gap=11.21% evals=5480 60.00s ls=1371
  [548/720] CMT5 qn_tuned time=60 seed=70361: D=1376.9 gap=6.63% evals=7406 60.00s ls=1831
  [549/720] CMT5 ga_ls time=60 seed=70362: D=1386.0 gap=7.33% evals=30668 60.00s ls=8137
  [550/720] CMT5 pso_tuned time=60 seed=70362: D=1405.6 gap=8.85% evals=5560 60.01s ls=1386
  [551/720] CMT5 qn_tuned time=60 seed=70362: D=1389.2 gap=7.58% evals=5882 60.00s ls=1456
  [552/720] CMT5 ortools time=60 seed=70362: D=1389.4 gap=7.60% evals=0 59.91s ls=0
  [553/720] CMT5 qn_tuned time=60 seed=70363: D=1415.3 gap=9.61% evals=5699 60.00s ls=1411
  [554/720] CMT5 ortools time=60 seed=70363: D=1389.4 gap=7.60% evals=0 59.91s ls=0
  [555/720] CMT5 ga_ls time=60 seed=70363: D=1406.6 gap=8.93% evals=30705 60.00s ls=8141
  [556/720] CMT5 pso_tuned time=60 seed=70363: D=1403.3 gap=8.67% evals=6054 60.00s ls=1515
  [557/720] CMT5 ga_ls time=60 seed=70364: D=1362.9 gap=5.55% evals=30797 60.00s ls=8171
  [558/720] CMT5 ortools time=60 seed=70364: D=1389.4 gap=7.60% evals=0 59.90s ls=0
  [559/720] CMT5 qn_tuned time=60 seed=70364: D=1384.5 gap=7.22% evals=5910 60.01s ls=1449
  [560/720] CMT5 pso_tuned time=60 seed=70364: D=1400.7 gap=8.48% evals=6071 60.00s ls=1515
  [561/720] CMT5 ga_ls time=60 seed=70365: D=1414.7 gap=9.56% evals=31822 60.00s ls=8444
  [562/720] CMT5 qn_tuned time=60 seed=70365: D=1376.5 gap=6.60% evals=6570 60.01s ls=1629
  [563/720] CMT5 pso_tuned time=60 seed=70365: D=1412.8 gap=9.41% evals=5840 60.00s ls=1462
  [564/720] CMT5 ortools time=60 seed=70365: D=1389.4 gap=7.60% evals=0 59.90s ls=0
  [565/720] CMT5 ortools time=60 seed=70366: D=1389.4 gap=7.60% evals=0 59.91s ls=0
  [566/720] CMT5 pso_tuned time=60 seed=70366: D=1423.3 gap=10.22% evals=5480 60.00s ls=1374
  [567/720] CMT5 qn_tuned time=60 seed=70366: D=1389.2 gap=7.58% evals=6871 60.00s ls=1704
  [568/720] CMT5 ga_ls time=60 seed=70366: D=1451.1 gap=12.37% evals=31681 60.00s ls=8404
  [569/720] CMT5 pso_tuned time=60 seed=70367: D=1425.0 gap=10.35% evals=5840 60.01s ls=1456
  [570/720] CMT5 ortools time=60 seed=70367: D=1389.4 gap=7.60% evals=0 59.90s ls=0
  [571/720] CMT5 ga_ls time=60 seed=70367: D=1393.7 gap=7.93% evals=31759 60.00s ls=8424
  [572/720] CMT5 qn_tuned time=60 seed=70367: D=1386.3 gap=7.35% evals=7940 60.00s ls=1966
  [573/720] CMT5 ga_ls time=60 seed=70368: D=1390.3 gap=7.67% evals=32141 60.00s ls=8525
  [574/720] CMT5 ortools time=60 seed=70368: D=1389.4 gap=7.60% evals=0 59.91s ls=0
  [575/720] CMT5 pso_tuned time=60 seed=70368: D=1415.3 gap=9.61% evals=6320 60.00s ls=1583
  [576/720] CMT5 ortools time=60 seed=70369: D=1389.4 gap=7.60% evals=0 59.90s ls=0
  [577/720] CMT5 qn_tuned time=60 seed=70368: D=1407.7 gap=9.02% evals=6361 60.00s ls=1576
  [578/720] CMT5 pso_tuned time=60 seed=70369: D=1438.7 gap=11.41% evals=6269 60.00s ls=1566
  [579/720] CMT5 qn_tuned time=60 seed=70369: D=1380.7 gap=6.92% evals=7237 60.01s ls=1789
  [580/720] CMT5 ortools time=60 seed=70370: D=1389.4 gap=7.60% evals=0 59.90s ls=0
  [581/720] CMT5 ga_ls time=60 seed=70369: D=1414.5 gap=9.54% evals=31884 60.00s ls=8455
  [582/720] CMT5 qn_tuned time=60 seed=70370: D=1362.6 gap=5.52% evals=6334 60.01s ls=1575
  [583/720] CMT5 pso_tuned time=60 seed=70370: D=1444.5 gap=11.87% evals=7720 60.00s ls=1935
  [584/720] CMT5 ga_ls time=60 seed=70370: D=1402.3 gap=8.60% evals=32458 60.00s ls=8616
  [585/720] CMT5 ortools time=60 seed=70371: D=1389.4 gap=7.60% evals=0 59.91s ls=0
  [586/720] CMT5 pso_tuned time=60 seed=70371: D=1385.4 gap=7.29% evals=5880 60.00s ls=1472
  [587/720] CMT5 qn_tuned time=60 seed=70371: D=1413.6 gap=9.47% evals=6417 60.00s ls=1585
  [588/720] CMT5 ga_ls time=60 seed=70371: D=1394.2 gap=7.97% evals=32723 60.00s ls=8686
  [589/720] CMT5 ortools time=60 seed=70372: D=1389.4 gap=7.60% evals=0 59.90s ls=0
  [590/720] CMT5 ga_ls time=60 seed=70372: D=1404.4 gap=8.76% evals=33038 60.00s ls=8767
  [591/720] CMT5 pso_tuned time=60 seed=70372: D=1407.4 gap=8.99% evals=6160 60.01s ls=1537
  [592/720] CMT5 qn_tuned time=60 seed=70372: D=1383.5 gap=7.14% evals=5869 60.00s ls=1448
  [593/720] CMT5 ortools time=60 seed=70373: D=1389.4 gap=7.60% evals=0 59.90s ls=0
  [594/720] CMT5 qn_tuned time=60 seed=70373: D=1377.8 gap=6.70% evals=6919 60.00s ls=1709
  [595/720] CMT5 pso_tuned time=60 seed=70373: D=1424.2 gap=10.29% evals=5600 60.00s ls=1401
  [596/720] CMT5 ga_ls time=60 seed=70373: D=1400.6 gap=8.47% evals=32216 60.00s ls=8545
  [597/720] CMT5 pso_tuned time=60 seed=70374: D=1429.5 gap=10.70% evals=5760 60.01s ls=1442
  [598/720] CMT5 ortools time=60 seed=70374: D=1389.4 gap=7.60% evals=0 59.90s ls=0
  [599/720] CMT5 qn_tuned time=60 seed=70374: D=1386.9 gap=7.40% evals=6181 60.00s ls=1530
  [600/720] CMT5 ga_ls time=60 seed=70374: D=1417.5 gap=9.78% evals=32378 60.00s ls=8586
  [601/720] X-n101-k25 pso_tuned time=60 seed=71345: D=28218.0 gap=2.27% evals=41040 60.00s ls=10352
  [602/720] X-n101-k25 ortools time=60 seed=71345: D=29159.0 gap=5.68% evals=0 59.90s ls=0
  [603/720] X-n101-k25 ga_ls time=60 seed=71345: D=28149.0 gap=2.02% evals=102737 60.00s ls=27291
  [604/720] X-n101-k25 ortools time=60 seed=71346: D=29159.0 gap=5.68% evals=0 59.90s ls=0
  [605/720] X-n101-k25 qn_tuned time=60 seed=71345: D=28152.0 gap=2.03% evals=39885 60.00s ls=9939
  [606/720] X-n101-k25 qn_tuned time=60 seed=71346: D=27982.0 gap=1.42% evals=43890 60.00s ls=10941
  [607/720] X-n101-k25 pso_tuned time=60 seed=71346: D=28202.0 gap=2.21% evals=39729 60.00s ls=10020
  [608/720] X-n101-k25 ga_ls time=60 seed=71346: D=28207.0 gap=2.23% evals=97016 60.00s ls=25775
  [609/720] X-n101-k25 ga_ls time=60 seed=71347: D=28871.0 gap=4.64% evals=96160 60.00s ls=25543
  [610/720] X-n101-k25 pso_tuned time=60 seed=71347: D=28256.0 gap=2.41% evals=36520 60.00s ls=9208
  [611/720] X-n101-k25 ortools time=60 seed=71347: D=29159.0 gap=5.68% evals=0 59.90s ls=0
  [612/720] X-n101-k25 qn_tuned time=60 seed=71347: D=28105.0 gap=1.86% evals=39470 60.00s ls=9825
  [613/720] X-n101-k25 ortools time=60 seed=71348: D=29159.0 gap=5.68% evals=0 59.90s ls=0
  [614/720] X-n101-k25 qn_tuned time=60 seed=71348: D=28094.0 gap=1.82% evals=38672 60.00s ls=9646
  [615/720] X-n101-k25 pso_tuned time=60 seed=71348: D=28119.0 gap=1.91% evals=38280 60.00s ls=9647
  [616/720] X-n101-k25 ga_ls time=60 seed=71348: D=28639.0 gap=3.80% evals=92939 60.00s ls=24685
  [617/720] X-n101-k25 ga_ls time=60 seed=71349: D=28268.0 gap=2.45% evals=97088 60.00s ls=25786
  [618/720] X-n101-k25 qn_tuned time=60 seed=71349: D=28153.0 gap=2.04% evals=37347 60.00s ls=9299
  [619/720] X-n101-k25 pso_tuned time=60 seed=71349: D=28134.0 gap=1.97% evals=40040 60.00s ls=10097
  [620/720] X-n101-k25 ortools time=60 seed=71349: D=29159.0 gap=5.68% evals=0 59.90s ls=0
  [621/720] X-n101-k25 ga_ls time=60 seed=71350: D=28264.0 gap=2.44% evals=97760 60.00s ls=25968
  [622/720] X-n101-k25 pso_tuned time=60 seed=71350: D=28110.0 gap=1.88% evals=37960 60.00s ls=9573
  [623/720] X-n101-k25 qn_tuned time=60 seed=71350: D=28068.0 gap=1.73% evals=38154 60.00s ls=9516
  [624/720] X-n101-k25 ortools time=60 seed=71350: D=29159.0 gap=5.68% evals=0 59.90s ls=0
  [625/720] X-n101-k25 qn_tuned time=60 seed=71351: D=28110.0 gap=1.88% evals=38849 60.00s ls=9688
  [626/720] X-n101-k25 ortools time=60 seed=71351: D=29159.0 gap=5.68% evals=0 59.90s ls=0
  [627/720] X-n101-k25 ga_ls time=60 seed=71351: D=28548.0 gap=3.47% evals=100892 60.00s ls=26802
  [628/720] X-n101-k25 pso_tuned time=60 seed=71351: D=28179.0 gap=2.13% evals=39880 60.00s ls=10057
  [memory] 2.0 GB free < 2 GB: pausing new runs until it recovers
  [629/720] X-n101-k25 qn_tuned time=60 seed=71352: D=28082.0 gap=1.78% evals=44643 60.00s ls=11107
  [630/720] X-n101-k25 ga_ls time=60 seed=71352: D=28375.0 gap=2.84% evals=99904 60.00s ls=26537
  [631/720] X-n101-k25 pso_tuned time=60 seed=71352: D=28169.0 gap=2.09% evals=40520 60.00s ls=10221
  [632/720] X-n101-k25 ortools time=60 seed=71352: D=29159.0 gap=5.68% evals=0 59.90s ls=0
  [633/720] X-n101-k25 qn_tuned time=60 seed=71353: D=28175.0 gap=2.12% evals=43502 60.00s ls=10834
  [634/720] X-n101-k25 pso_tuned time=60 seed=71353: D=28092.0 gap=1.82% evals=39920 60.00s ls=10062
  [635/720] X-n101-k25 ga_ls time=60 seed=71353: D=28662.0 gap=3.88% evals=149874 60.00s ls=39817
  [636/720] X-n101-k25 ortools time=60 seed=71353: D=28767.0 gap=4.26% evals=0 59.90s ls=0
  [637/720] X-n101-k25 ortools time=60 seed=71354: D=28767.0 gap=4.26% evals=0 59.90s ls=0
  [638/720] X-n101-k25 ga_ls time=60 seed=71354: D=28489.0 gap=3.25% evals=152800 60.00s ls=40594
  [639/720] X-n101-k25 ortools time=60 seed=71356: D=29159.0 gap=5.68% evals=0 59.90s ls=0
  [640/720] X-n101-k25 ortools time=60 seed=71355: D=29159.0 gap=5.68% evals=0 59.90s ls=0
  [641/720] X-n101-k25 pso_tuned time=60 seed=71354: D=28269.0 gap=2.46% evals=41840 60.00s ls=10551
  [642/720] X-n101-k25 pso_tuned time=60 seed=71355: D=28215.0 gap=2.26% evals=43840 60.00s ls=11055
  [643/720] X-n101-k25 qn_tuned time=60 seed=71355: D=28304.0 gap=2.58% evals=45490 60.00s ls=11329
  [644/720] X-n101-k25 qn_tuned time=60 seed=71354: D=27952.0 gap=1.31% evals=41813 60.00s ls=10426
  [645/720] X-n101-k25 ga_ls time=60 seed=71355: D=28528.0 gap=3.40% evals=105424 60.00s ls=28008
  [646/720] X-n101-k25 ga_ls time=60 seed=71356: D=28285.0 gap=2.52% evals=102488 60.00s ls=27223
  [647/720] X-n101-k25 qn_tuned time=60 seed=71356: D=28046.0 gap=1.65% evals=42577 60.00s ls=10616
  [648/720] X-n101-k25 pso_tuned time=60 seed=71356: D=28169.0 gap=2.09% evals=43360 60.00s ls=10932
  [649/720] X-n101-k25 qn_tuned time=60 seed=71357: D=28230.0 gap=2.32% evals=43830 60.00s ls=10915
  [650/720] X-n101-k25 ortools time=60 seed=71357: D=29159.0 gap=5.68% evals=0 59.90s ls=0
  [651/720] X-n101-k25 pso_tuned time=60 seed=71357: D=28169.0 gap=2.09% evals=39640 60.00s ls=9996
  [652/720] X-n101-k25 ortools time=60 seed=71358: D=29159.0 gap=5.68% evals=0 59.90s ls=0
  [653/720] X-n101-k25 ga_ls time=60 seed=71357: D=28574.0 gap=3.56% evals=100504 60.00s ls=26695
  [654/720] X-n101-k25 qn_tuned time=60 seed=71358: D=28125.0 gap=1.94% evals=40643 60.00s ls=10108
  [655/720] X-n101-k25 pso_tuned time=60 seed=71358: D=28035.0 gap=1.61% evals=41320 60.00s ls=10417
  [656/720] X-n101-k25 ga_ls time=60 seed=71358: D=28905.0 gap=4.76% evals=101173 60.00s ls=26877
  [657/720] X-n101-k25 qn_tuned time=60 seed=71359: D=28088.0 gap=1.80% evals=39794 60.00s ls=9921
  [658/720] X-n101-k25 ga_ls time=60 seed=71359: D=28285.0 gap=2.52% evals=99381 60.00s ls=26402
  [659/720] X-n101-k25 pso_tuned time=60 seed=71359: D=28210.0 gap=2.24% evals=39680 60.00s ls=10008
  [660/720] X-n101-k25 ortools time=60 seed=71359: D=29159.0 gap=5.68% evals=0 59.90s ls=0
  [661/720] X-n101-k25 pso_tuned time=60 seed=71360: D=28123.0 gap=1.93% evals=39675 60.00s ls=9999
  [662/720] X-n101-k25 ortools time=60 seed=71360: D=29159.0 gap=5.68% evals=0 59.90s ls=0
  [663/720] X-n101-k25 qn_tuned time=60 seed=71360: D=28152.0 gap=2.03% evals=41885 60.00s ls=10444
  [664/720] X-n101-k25 ortools time=60 seed=71361: D=29159.0 gap=5.68% evals=0 59.91s ls=0
  [665/720] X-n101-k25 ga_ls time=60 seed=71360: D=28260.0 gap=2.42% evals=101021 60.00s ls=26836
  [666/720] X-n101-k25 pso_tuned time=60 seed=71361: D=28091.0 gap=1.81% evals=39560 60.00s ls=9973
  [667/720] X-n101-k25 qn_tuned time=60 seed=71361: D=28106.0 gap=1.87% evals=39957 60.00s ls=9937
  [668/720] X-n101-k25 ga_ls time=60 seed=71361: D=28371.0 gap=2.83% evals=100474 60.00s ls=26687
  [669/720] X-n101-k25 qn_tuned time=60 seed=71362: D=28097.0 gap=1.83% evals=43017 60.00s ls=10728
  [670/720] X-n101-k25 ortools time=60 seed=71362: D=29159.0 gap=5.68% evals=0 59.90s ls=0
  [671/720] X-n101-k25 pso_tuned time=60 seed=71362: D=28165.0 gap=2.08% evals=41160 60.00s ls=10380
  [672/720] X-n101-k25 ga_ls time=60 seed=71362: D=28176.0 gap=2.12% evals=104587 60.00s ls=27786
  [673/720] X-n101-k25 ga_ls time=60 seed=71363: D=28186.0 gap=2.16% evals=106048 60.00s ls=28169
  [674/720] X-n101-k25 ortools time=60 seed=71363: D=29159.0 gap=5.68% evals=0 59.90s ls=0
  [675/720] X-n101-k25 qn_tuned time=60 seed=71363: D=28109.0 gap=1.88% evals=46703 60.00s ls=11602
  [676/720] X-n101-k25 pso_tuned time=60 seed=71363: D=28201.0 gap=2.21% evals=40880 60.00s ls=10304
  [677/720] X-n101-k25 pso_tuned time=60 seed=71364: D=28227.0 gap=2.31% evals=41560 60.00s ls=10483
  [678/720] X-n101-k25 ga_ls time=60 seed=71364: D=28884.0 gap=4.69% evals=105711 60.00s ls=28078
  [679/720] X-n101-k25 ortools time=60 seed=71364: D=29159.0 gap=5.68% evals=0 59.90s ls=0
  [680/720] X-n101-k25 ortools time=60 seed=71365: D=29159.0 gap=5.68% evals=0 59.90s ls=0
  [681/720] X-n101-k25 qn_tuned time=60 seed=71364: D=28143.0 gap=2.00% evals=46475 60.00s ls=11575
  [682/720] X-n101-k25 qn_tuned time=60 seed=71365: D=27928.0 gap=1.22% evals=42537 60.00s ls=10591
  [683/720] X-n101-k25 ga_ls time=60 seed=71365: D=28303.0 gap=2.58% evals=99638 60.00s ls=26472
  [684/720] X-n101-k25 pso_tuned time=60 seed=71365: D=28215.0 gap=2.26% evals=39840 60.00s ls=10042
  [685/720] X-n101-k25 ga_ls time=60 seed=71366: D=28638.0 gap=3.79% evals=100431 60.00s ls=26675
  [686/720] X-n101-k25 ortools time=60 seed=71366: D=29159.0 gap=5.68% evals=0 59.90s ls=0
  [687/720] X-n101-k25 pso_tuned time=60 seed=71366: D=28289.0 gap=2.53% evals=41560 60.00s ls=10479
  [688/720] X-n101-k25 qn_tuned time=60 seed=71366: D=28148.0 gap=2.02% evals=39845 60.00s ls=9903
  [689/720] X-n101-k25 ga_ls time=60 seed=71367: D=28392.0 gap=2.90% evals=99030 60.00s ls=26305
  [690/720] X-n101-k25 ortools time=60 seed=71367: D=29159.0 gap=5.68% evals=0 59.90s ls=0
  [691/720] X-n101-k25 ortools time=60 seed=71368: D=29159.0 gap=5.68% evals=0 59.91s ls=0
  [memory] 2.0 GB free < 2 GB: pausing new runs until it recovers
  [692/720] X-n101-k25 qn_tuned time=60 seed=71367: D=28053.0 gap=1.67% evals=41837 60.00s ls=10405
  [693/720] X-n101-k25 pso_tuned time=60 seed=71367: D=28249.0 gap=2.38% evals=39280 60.00s ls=9904
  [694/720] X-n101-k25 ga_ls time=60 seed=71368: D=28449.0 gap=3.11% evals=109457 60.00s ls=29078
  [695/720] X-n101-k25 pso_tuned time=60 seed=71368: D=28122.0 gap=1.92% evals=44000 60.00s ls=11096
  [696/720] X-n101-k25 qn_tuned time=60 seed=71368: D=27974.0 gap=1.39% evals=52562 60.00s ls=13099
  [697/720] X-n101-k25 ga_ls time=60 seed=71369: D=28670.0 gap=3.91% evals=109490 60.00s ls=29088
  [698/720] X-n101-k25 qn_tuned time=60 seed=71369: D=28048.0 gap=1.66% evals=44305 60.00s ls=11024
  [699/720] X-n101-k25 ortools time=60 seed=71369: D=29159.0 gap=5.68% evals=0 59.91s ls=0
  [700/720] X-n101-k25 pso_tuned time=60 seed=71369: D=28203.0 gap=2.22% evals=43760 60.00s ls=11037
  [701/720] X-n101-k25 qn_tuned time=60 seed=71370: D=28140.0 gap=1.99% evals=46332 60.00s ls=11539
  [702/720] X-n101-k25 ortools time=60 seed=71370: D=29159.0 gap=5.68% evals=0 59.90s ls=0
  [memory] 2.0 GB free < 2 GB: pausing new runs until it recovers
  [703/720] X-n101-k25 ga_ls time=60 seed=71370: D=28655.0 gap=3.86% evals=103148 60.00s ls=27402
  [704/720] X-n101-k25 pso_tuned time=60 seed=71370: D=28328.0 gap=2.67% evals=45000 60.00s ls=11344
  [705/720] X-n101-k25 ortools time=60 seed=71371: D=29159.0 gap=5.68% evals=0 59.90s ls=0
  [706/720] X-n101-k25 pso_tuned time=60 seed=71371: D=28090.0 gap=1.81% evals=47360 60.00s ls=11940
  [707/720] X-n101-k25 ortools time=60 seed=71372: D=29159.0 gap=5.68% evals=0 59.90s ls=0
  [708/720] X-n101-k25 ga_ls time=60 seed=71371: D=29041.0 gap=5.26% evals=115370 60.00s ls=30650
  [709/720] X-n101-k25 qn_tuned time=60 seed=71371: D=28057.0 gap=1.69% evals=45536 60.00s ls=11347
  [710/720] X-n101-k25 pso_tuned time=60 seed=71372: D=27975.0 gap=1.39% evals=45320 60.00s ls=11432
  [711/720] X-n101-k25 ga_ls time=60 seed=71372: D=28920.0 gap=4.82% evals=115484 60.00s ls=30678
  [712/720] X-n101-k25 qn_tuned time=60 seed=71372: D=28136.0 gap=1.98% evals=45521 60.00s ls=11306
  [713/720] X-n101-k25 ortools time=60 seed=71373: D=29159.0 gap=5.68% evals=0 59.90s ls=0
  [714/720] X-n101-k25 pso_tuned time=60 seed=71373: D=28220.0 gap=2.28% evals=48560 60.00s ls=12247
  [715/720] X-n101-k25 qn_tuned time=60 seed=71373: D=27962.0 gap=1.34% evals=53543 60.00s ls=13341
  [716/720] X-n101-k25 ga_ls time=60 seed=71373: D=28633.0 gap=3.78% evals=140982 60.00s ls=37453
  [717/720] X-n101-k25 ortools time=60 seed=71374: D=29159.0 gap=5.68% evals=0 59.90s ls=0
  [718/720] X-n101-k25 pso_tuned time=60 seed=71374: D=28178.0 gap=2.13% evals=55200 60.00s ls=13928
  [719/720] X-n101-k25 qn_tuned time=60 seed=71374: D=28187.0 gap=2.16% evals=59324 60.00s ls=14757
  [720/720] X-n101-k25 ga_ls time=60 seed=71374: D=28175.0 gap=2.12% evals=142644 60.00s ls=37896
[confirm_d54] done in 2690 s
C:\Users\nisha\Quantum-Route-solver\engine\qflux\bench\plots.py:61: RuntimeWarning: All-NaN slice encountered
  med = np.nanmedian(Y, axis=0)
C:\Users\nisha\Quantum-Route\.venv\Lib\site-packages\numpy\lib\_nanfunctions_impl.py:1593: RuntimeWarning: All-NaN slice encountered
  return fnb._ureduce(a,
budget_type  budget   instance      algo  runs    D_mean  gap_mean_pct  gap_best_pct  wall_s_mean
       time      30   A-n32-k5   ortools    30   784.000      0.000000      0.000000      29.9055
       time      30   A-n32-k5  qn_tuned    30   794.000      1.275510      0.000000      30.0008
       time      30   A-n32-k5 pso_tuned    30   784.000      0.000000      0.000000      30.0007
       time      30   A-n32-k5     ga_ls    30   815.833      4.060370      0.000000      30.0008
       time      30   A-n63-k9  qn_tuned    30  1631.230      0.942657      0.123762      30.0011
       time      30   A-n63-k9 pso_tuned    30  1636.530      1.270630      0.680693      30.0011
       time      30   A-n63-k9   ortools    30  1641.000      1.547030      1.547030      29.9027
       time      30   A-n63-k9     ga_ls    30  1685.030      4.271860      1.423270      30.0011
       time      30  A-n80-k10 pso_tuned    30  1821.600      3.323880      2.155420      30.0013
       time      30  A-n80-k10     ga_ls    30  1867.170      5.908490      2.949520      30.0013
       time      30  A-n80-k10  qn_tuned    30  1783.770      1.177920      0.113443      30.0016
       time      30  A-n80-k10   ortools    30  1793.270      1.716770      1.701640      29.9024
       time      30       CMT1   ortools    30   524.611      0.000028      0.000028      29.9039
       time      30       CMT1 pso_tuned    30   524.891      0.053303      0.000028      30.0010
       time      30       CMT1     ga_ls    30   542.084      3.330730      0.000028      30.0010
       time      30       CMT1  qn_tuned    30   525.950      0.255245      0.000028      30.0010
       time      60       CMT5   ortools    30  1389.390      7.596830      7.596830      59.9049
       time      60       CMT5     ga_ls    30  1405.480      8.842990      4.826150      60.0031
       time      60       CMT5  qn_tuned    30  1394.490      7.992280      5.523020      60.0047
       time      60       CMT5 pso_tuned    30  1416.660      9.708580      7.289710      60.0048
       time      60 X-n101-k25 pso_tuned    30 28174.100      2.113250      1.391760      60.0024
       time      60 X-n101-k25   ortools    30 29132.900      5.588300      4.262260      59.9040
       time      60 X-n101-k25     ga_ls    30 28493.400      3.270630      2.022400      60.0017
       time      60 X-n101-k25  qn_tuned    30 28096.900      1.833450      1.221410      60.0028

wrote:
  C:\Users\nisha\Quantum-Route-solver\results\tables\confirm_d54_summary.csv
  C:\Users\nisha\Quantum-Route-solver\results\tables\confirm_d54_wilcoxon.csv
  C:\Users\nisha\Quantum-Route-solver\results\tables\confirm_d54_friedman.csv
  C:\Users\nisha\Quantum-Route-solver\results\tables\confirm_d54_meta.json
  C:\Users\nisha\Quantum-Route-solver\results\tables\confirm_d54_wilcoxon_pso_tuned.csv
  C:\Users\nisha\Quantum-Route-solver\results\figures\confirm_d54_convergence_A-n32-k5_time30.png
  C:\Users\nisha\Quantum-Route-solver\results\figures\confirm_d54_convergence_A-n63-k9_time30.png
  C:\Users\nisha\Quantum-Route-solver\results\figures\confirm_d54_convergence_A-n80-k10_time30.png
  C:\Users\nisha\Quantum-Route-solver\results\figures\confirm_d54_convergence_CMT1_time30.png
  C:\Users\nisha\Quantum-Route-solver\results\figures\confirm_d54_gap_time30.png
  C:\Users\nisha\Quantum-Route-solver\results\figures\confirm_d54_convergence_CMT5_time60.png
  C:\Users\nisha\Quantum-Route-solver\results\figures\confirm_d54_convergence_X-n101-k25_time60.png
  C:\Users\nisha\Quantum-Route-solver\results\figures\confirm_d54_gap_time60.png
