[alpha_sweep] 3 runs to do (87 already recorded), 3 worker(s) -> C:\Users\nisha\Quantum-Route-solver\results\runs\alpha_sweep.jsonl
  [1/3] A-n63-k9 alpha_lin_0.8_0.3 time=30 seed=17350: D=1659.0 gap=2.66% evals=9938 30.00s ls=2421
  [2/3] A-n63-k9 alpha_fixed_1.0 time=30 seed=17351: D=1689.0 gap=4.52% evals=9282 30.00s ls=2254
  [3/3] A-n63-k9 alpha_fixed_0.3 time=30 seed=17353: D=1627.0 gap=0.68% evals=10600 30.00s ls=2596
[alpha_sweep] done in 40 s
budget_type  budget instance              algo  runs  D_mean  gap_mean_pct  gap_best_pct  wall_s_mean
       time      30 A-n63-k9   alpha_fixed_0.9    10  1671.0       3.40347      2.351490      30.0034
       time      30 A-n63-k9   alpha_fixed_0.7    10  1657.6       2.57426      1.299500      30.0044
       time      30 A-n63-k9   alpha_fixed_0.3    10  1645.5       1.82550      0.680693      30.0035
       time      30 A-n63-k9 alpha_lin_1.0_0.5    10  1665.1       3.03837      1.794550      30.0039
       time      30 A-n63-k9    alpha_adaptive    10  1659.6       2.69802      1.113860      30.0035
       time      30 A-n63-k9   alpha_fixed_1.0    10  1669.6       3.31683      1.670790      30.0031
       time      30 A-n63-k9   alpha_fixed_1.2    10  1674.7       3.63243      2.413370      30.0035
       time      30 A-n63-k9 alpha_lin_0.8_0.3    10  1657.5       2.56807      1.237620      30.0031
       time      30 A-n63-k9   alpha_fixed_0.5    10  1651.1       2.17203      1.485150      30.0036

wrote:
  C:\Users\nisha\Quantum-Route-solver\results\tables\alpha_sweep_summary.csv
  C:\Users\nisha\Quantum-Route-solver\results\tables\alpha_sweep_wilcoxon.csv
  C:\Users\nisha\Quantum-Route-solver\results\tables\alpha_sweep_friedman.csv
  C:\Users\nisha\Quantum-Route-solver\results\tables\alpha_sweep_meta.json
  C:\Users\nisha\Quantum-Route-solver\results\figures\alpha_sweep_convergence_A-n63-k9_time30.png
  C:\Users\nisha\Quantum-Route-solver\results\figures\alpha_sweep_gap_time30.png
