[ablation] 1 runs to do (199 already recorded), 1 worker(s) -> C:\Users\nisha\Quantum-Route-solver\results\runs\ablation.jsonl
  [1/1] A-n80-k10 a3_adaptive_alpha time=30 seed=18345: D=2116.0 gap=20.02% evals=149336 30.00s ls=374
[ablation] done in 32 s
C:\Users\nisha\Quantum-Route-solver\engine\qflux\bench\plots.py:61: RuntimeWarning: All-NaN slice encountered
  med = np.nanmedian(Y, axis=0)
C:\Users\nisha\Quantum-Route\.venv\Lib\site-packages\numpy\lib\_nanfunctions_impl.py:1593: RuntimeWarning: All-NaN slice encountered
  return fnb._ureduce(a,
budget_type  budget  instance              algo  runs  D_mean  gap_mean_pct  gap_best_pct  wall_s_mean
       time      30  A-n63-k9           a7_full    10 1658.90       2.65470      1.113860      30.0038
       time      30  A-n63-k9 a3_adaptive_alpha    10 1921.00      18.87380     10.767300      30.0040
       time      30  A-n63-k9           a6_qubo    10 1660.00       2.72277      1.113860      30.0032
       time      30  A-n63-k9             rr_ls    10 1677.70       3.81807      2.165840      30.0032
       time      30  A-n63-k9     a4_memetic_ls    10 1650.50       2.13490      1.051980      30.0031
       time      30  A-n63-k9           a0_base    10 1938.11      19.93260     13.985100      30.0031
       time      30  A-n63-k9     a1_rank_mbest    10 1940.00      20.04950     12.871300      30.0034
       time      30  A-n63-k9          a2_sobol    10 1915.80      18.55200     11.509900      30.0031
       time      30  A-n63-k9            pso_ls    10 1649.90       2.09777      1.175740      30.0030
       time      30  A-n63-k9      a5_tunneling    10 1650.00       2.10396      0.804455      30.0036
       time      30 A-n80-k10             rr_ls    10 1883.20       6.81792      5.331820      30.0043
       time      30 A-n80-k10      a5_tunneling    10 1839.90       4.36188      2.552470      30.0047
       time      30 A-n80-k10     a1_rank_mbest    10 2126.10      20.59560     12.251800      30.0050
       time      30 A-n80-k10     a4_memetic_ls    10 1841.20       4.43562      2.552470      30.0050
       time      30 A-n80-k10          a2_sobol    10 2160.60      22.55250     18.831500      30.0043
       time      30 A-n80-k10           a7_full    10 1847.90       4.81566      1.815090      30.0053
       time      30 A-n80-k10            pso_ls    10 1844.30       4.61146      3.573450      30.0041
       time      30 A-n80-k10           a0_base    10 2107.30      19.52920     11.968200      30.0040
       time      30 A-n80-k10           a6_qubo    10 1847.90       4.81566      1.815090      30.0035
       time      30 A-n80-k10 a3_adaptive_alpha    10 2130.10      20.82250     12.989200      30.0033

wrote:
  C:\Users\nisha\Quantum-Route-solver\results\tables\ablation_summary.csv
  C:\Users\nisha\Quantum-Route-solver\results\tables\ablation_wilcoxon.csv
  C:\Users\nisha\Quantum-Route-solver\results\tables\ablation_friedman.csv
  C:\Users\nisha\Quantum-Route-solver\results\tables\ablation_meta.json
  C:\Users\nisha\Quantum-Route-solver\results\tables\ablation_chain.csv
  C:\Users\nisha\Quantum-Route-solver\results\figures\ablation_convergence_A-n63-k9_time30.png
  C:\Users\nisha\Quantum-Route-solver\results\figures\ablation_convergence_A-n80-k10_time30.png
  C:\Users\nisha\Quantum-Route-solver\results\figures\ablation_gap_time30.png
