[scaling] 20 runs to do (20 already recorded), 11 worker(s) -> C:\Users\nisha\Quantum-Route-solver\results\runs\scaling.jsonl
  [1/20] X-n200-k36 ortools time=120 seed=22348: D=60382.0 gap=3.08% evals=0 119.93s ls=0
  [2/20] X-n200-k36 ortools time=120 seed=22346: D=60382.0 gap=3.08% evals=0 119.95s ls=0
  [3/20] X-n200-k36 ortools time=120 seed=22350: D=60382.0 gap=3.08% evals=0 119.95s ls=0
  [4/20] X-n200-k36 ortools time=120 seed=22347: D=60382.0 gap=3.08% evals=0 119.94s ls=0
  [5/20] X-n200-k36 ortools time=120 seed=22345: D=60382.0 gap=3.08% evals=0 119.94s ls=0
  [6/20] X-n200-k36 ortools time=120 seed=22351: D=60382.0 gap=3.08% evals=0 119.94s ls=0
  [7/20] X-n200-k36 ortools time=120 seed=22349: D=60382.0 gap=3.08% evals=0 119.95s ls=0
  [8/20] X-n200-k36 ortools time=120 seed=22352: D=60382.0 gap=3.08% evals=0 119.95s ls=0
  [9/20] X-n200-k36 ortools time=120 seed=22353: D=60382.0 gap=3.08% evals=0 119.94s ls=0
  [10/20] X-n200-k36 ortools time=120 seed=22354: D=60382.0 gap=3.08% evals=0 119.94s ls=0
  [11/20] X-n502-k39 ortools time=300 seed=23345: D=70227.0 gap=1.45% evals=0 299.95s ls=0
  [12/20] X-n502-k39 ortools time=300 seed=23346: D=70218.0 gap=1.43% evals=0 299.91s ls=0
  [13/20] X-n502-k39 ortools time=300 seed=23347: D=70218.0 gap=1.43% evals=0 299.91s ls=0
  [14/20] X-n502-k39 ortools time=300 seed=23349: D=70218.0 gap=1.43% evals=0 299.91s ls=0
  [15/20] X-n502-k39 ortools time=300 seed=23351: D=70218.0 gap=1.43% evals=0 299.91s ls=0
  [16/20] X-n502-k39 ortools time=300 seed=23352: D=70218.0 gap=1.43% evals=0 299.91s ls=0
  [17/20] X-n502-k39 ortools time=300 seed=23348: D=70218.0 gap=1.43% evals=0 299.91s ls=0
  [18/20] X-n502-k39 ortools time=300 seed=23353: D=70218.0 gap=1.43% evals=0 299.92s ls=0
  [19/20] X-n502-k39 ortools time=300 seed=23350: D=70218.0 gap=1.43% evals=0 299.94s ls=0
  [20/20] X-n502-k39 ortools time=300 seed=23354: D=70218.0 gap=1.43% evals=0 299.91s ls=0
[scaling] done in 426 s
C:\Users\nisha\Quantum-Route-solver\engine\qflux\bench\plots.py:61: RuntimeWarning: All-NaN slice encountered
  med = np.nanmedian(Y, axis=0)
C:\Users\nisha\Quantum-Route\.venv\Lib\site-packages\numpy\lib\_nanfunctions_impl.py:1593: RuntimeWarning: All-NaN slice encountered
  return fnb._ureduce(a,
C:\Users\nisha\Quantum-Route-solver\engine\qflux\bench\plots.py:61: RuntimeWarning: All-NaN slice encountered
  med = np.nanmedian(Y, axis=0)
C:\Users\nisha\Quantum-Route\.venv\Lib\site-packages\numpy\lib\_nanfunctions_impl.py:1593: RuntimeWarning: All-NaN slice encountered
  return fnb._ureduce(a,
budget_type  budget   instance         algo  runs  D_mean  gap_mean_pct  gap_best_pct  wall_s_mean
       time     120 X-n200-k36         qpso    10 60834.7       3.85247       3.63618     120.0220
       time     300 X-n502-k39 qpso_cluster    10 71578.1       3.39771       3.24300     270.1530
       time     120 X-n200-k36      ortools    10 60382.0       3.07965       3.07965     119.9430
       time     300 X-n502-k39      ortools    10 70218.9       1.43429       1.43299     299.9180
       time      60 X-n101-k25         qpso    30 28424.6       3.02115       2.23624      60.0071
       time      60 X-n101-k25      ortools    30 29093.7       5.44622       4.26226      59.9029

wrote:
  C:\Users\nisha\Quantum-Route-solver\results\tables\scaling_summary.csv
  C:\Users\nisha\Quantum-Route-solver\results\tables\scaling_wilcoxon.csv
  C:\Users\nisha\Quantum-Route-solver\results\tables\scaling_friedman.csv
  C:\Users\nisha\Quantum-Route-solver\results\tables\scaling_meta.json
  C:\Users\nisha\Quantum-Route-solver\results\figures\scaling_gap_vs_n.png
  C:\Users\nisha\Quantum-Route-solver\results\figures\scaling_convergence_X-n200-k36_time120.png
  C:\Users\nisha\Quantum-Route-solver\results\figures\scaling_gap_time120.png
  C:\Users\nisha\Quantum-Route-solver\results\figures\scaling_convergence_X-n502-k39_time300.png
  C:\Users\nisha\Quantum-Route-solver\results\figures\scaling_gap_time300.png
  C:\Users\nisha\Quantum-Route-solver\results\figures\scaling_convergence_X-n101-k25_time60.png
  C:\Users\nisha\Quantum-Route-solver\results\figures\scaling_gap_time60.png
