[1/32] A-n32-k5 m=7
[2/32] A-n32-k5 m=4
[3/32] A-n44-k6 m=6
[4/32] A-n44-k6 m=7
[5/32] A-n44-k6 m=6
[6/32] A-n63-k9 m=7
[7/32] A-n63-k9 m=5
[8/32] A-n63-k9 m=5
[9/32] A-n63-k9 m=6
[10/32] A-n63-k9 m=7
[11/32] A-n63-k9 m=7
[12/32] A-n69-k9 m=6
[13/32] A-n69-k9 m=5
[14/32] A-n69-k9 m=7
[15/32] A-n69-k9 m=7
[16/32] A-n80-k10 m=4
[17/32] A-n80-k10 m=6
[18/32] A-n80-k10 m=7
[19/32] A-n80-k10 m=7
[20/32] A-n80-k10 m=7
[21/32] Hyderabad-60 m=4
[22/32] Hyderabad-60-K12 m=5
[23/32] Hyderabad-60-K12 m=6
[24/32] Hyderabad-60-K12 m=6
[25/32] Hyderabad-60-K12 m=5
[26/32] Hyderabad-60-K12 m=5
[27/32] Hyderabad-60-K12 m=7
[28/32] Hyderabad-60-K12 m=5
[29/32] Hyderabad-60-K12 m=7
[30/32] Hyderabad-60-K12 m=3
[31/32] Hyderabad-60-K12 m=6
[32/32] Hyderabad-60-K12 m=5
                                                                          source  A_factor_x_max_d  routes m_range  num_reads  neal_feasible_pct  neal_optimal_pct  neal_mean_gap_pct_feasible  neal_max_gap_pct_feasible  twoopt_optimal_pct  twoopt_mean_gap_pct  time_per_route_neal_ms  time_per_route_brute_ms  time_per_route_2opt_ms
                                                          CVRPLIB A (BKS routes)               1.5      20     4-7        200              100.0            80.000                       0.518                      3.141             100.000                0.000                 154.189                    7.904                   0.027
                                                          CVRPLIB A (BKS routes)               3.0      20     4-7        200              100.0            60.000                       1.665                     11.000             100.000                0.000                 146.183                    7.904                   0.027
                                                          CVRPLIB A (BKS routes)               6.0      20     4-7        200              100.0            50.000                       2.069                     13.000             100.000                0.000                 138.130                    7.904                   0.027
           Hyderabad (QPSO-full routes, Hyderabad-60: demo scenario, K=6, Q=200)               1.5       1     4-4        200              100.0           100.000                       0.000                      0.000               0.000                6.429                  51.431                    0.071                   0.022
           Hyderabad (QPSO-full routes, Hyderabad-60: demo scenario, K=6, Q=200)               3.0       1     4-4        200              100.0           100.000                       0.000                      0.000               0.000                6.429                  48.659                    0.071                   0.022
           Hyderabad (QPSO-full routes, Hyderabad-60: demo scenario, K=6, Q=200)               6.0       1     4-4        200              100.0           100.000                       0.000                      0.000               0.000                6.429                  48.057                    0.071                   0.022
Hyderabad (QPSO-full routes, Hyderabad-60-K12: short-route variant, K=12, Q=100)               1.5      11     3-7        200              100.0            72.727                       0.363                      2.087              72.727                1.113                 116.562                    3.497                   0.030
Hyderabad (QPSO-full routes, Hyderabad-60-K12: short-route variant, K=12, Q=100)               3.0      11     3-7        200              100.0            63.636                       1.836                      7.519              72.727                1.113                 106.153                    3.497                   0.030
Hyderabad (QPSO-full routes, Hyderabad-60-K12: short-route variant, K=12, Q=100)               6.0      11     3-7        200              100.0            81.818                       0.866                      6.408              72.727                1.113                 102.088                    3.497                   0.030
