[tune_d54] 60 runs to do (0 already recorded), 11 worker(s) -> C:\Users\nisha\Quantum-Route-solver\results\runs\tune_d54.jsonl
  [1/60] A-n44-k6 qn_adaptive time=10 seed=16345: D=937.0 gap=0.00% evals=36513 10.00s ls=8892
  [2/60] A-n44-k6 pso_current time=10 seed=16345: D=937.0 gap=0.00% evals=34160 10.00s ls=8615
  [3/60] A-n44-k6 qn_fixed_0.5 time=10 seed=16345: D=937.0 gap=0.00% evals=42740 10.00s ls=10417
  [4/60] A-n44-k6 pso_0.8_1.3 time=10 seed=16345: D=937.0 gap=0.00% evals=35000 10.00s ls=8822
  [5/60] A-n44-k6 pso_0.6_1.7 time=10 seed=16345: D=942.0 gap=0.53% evals=34680 10.00s ls=8744
  [6/60] A-n44-k6 qn_fixed_0.3 time=10 seed=16345: D=942.0 gap=0.53% evals=40339 10.00s ls=9828
  [7/60] A-n44-k6 pso_0.8_1.3 time=10 seed=16346: D=937.0 gap=0.00% evals=33720 10.00s ls=8497
  [8/60] A-n44-k6 pso_current time=10 seed=16346: D=937.0 gap=0.00% evals=35000 10.00s ls=8818
  [9/60] A-n44-k6 qn_fixed_0.3 time=10 seed=16346: D=939.0 gap=0.21% evals=39869 10.00s ls=9717
  [10/60] A-n44-k6 qn_fixed_0.5 time=10 seed=16346: D=939.0 gap=0.21% evals=40678 10.00s ls=9939
  [11/60] A-n44-k6 qn_adaptive time=10 seed=16346: D=937.0 gap=0.00% evals=35674 10.00s ls=8697
  [12/60] A-n44-k6 pso_0.6_1.7 time=10 seed=16346: D=937.0 gap=0.00% evals=34600 10.00s ls=8722
  [13/60] A-n44-k6 pso_current time=10 seed=16347: D=937.0 gap=0.00% evals=34383 10.00s ls=8666
  [14/60] A-n44-k6 qn_fixed_0.5 time=10 seed=16347: D=937.0 gap=0.00% evals=40451 10.00s ls=9848
  [15/60] A-n44-k6 qn_adaptive time=10 seed=16347: D=937.0 gap=0.00% evals=37210 10.00s ls=9060
  [16/60] A-n44-k6 pso_0.6_1.7 time=10 seed=16347: D=942.0 gap=0.53% evals=35320 10.00s ls=8901
  [17/60] A-n44-k6 qn_fixed_0.3 time=10 seed=16347: D=937.0 gap=0.00% evals=42645 10.00s ls=10397
  [18/60] A-n44-k6 pso_0.8_1.3 time=10 seed=16347: D=942.0 gap=0.53% evals=34560 10.00s ls=8714
  [19/60] A-n44-k6 qn_adaptive time=10 seed=16348: D=937.0 gap=0.00% evals=34277 10.00s ls=8343
  [20/60] A-n44-k6 pso_0.8_1.3 time=10 seed=16348: D=937.0 gap=0.00% evals=34862 10.00s ls=8787
  [21/60] A-n44-k6 qn_fixed_0.5 time=10 seed=16348: D=939.0 gap=0.21% evals=39042 10.00s ls=9545
  [22/60] A-n44-k6 pso_0.6_1.7 time=10 seed=16348: D=937.0 gap=0.00% evals=32985 10.00s ls=8313
  [23/60] A-n44-k6 pso_current time=10 seed=16348: D=942.0 gap=0.53% evals=34992 10.00s ls=8818
  [24/60] A-n44-k6 qn_fixed_0.3 time=10 seed=16348: D=943.0 gap=0.64% evals=42654 10.00s ls=10363
  [25/60] A-n44-k6 pso_0.8_1.3 time=10 seed=16349: D=939.0 gap=0.21% evals=33960 10.00s ls=8560
  [26/60] A-n44-k6 qn_fixed_0.5 time=10 seed=16349: D=942.0 gap=0.53% evals=37198 10.00s ls=9050
  [27/60] A-n44-k6 pso_current time=10 seed=16349: D=937.0 gap=0.00% evals=33280 10.00s ls=8394
  [28/60] A-n44-k6 qn_fixed_0.3 time=10 seed=16349: D=942.0 gap=0.53% evals=43533 10.00s ls=10635
  [29/60] A-n44-k6 pso_0.6_1.7 time=10 seed=16349: D=937.0 gap=0.00% evals=33200 10.00s ls=8366
  [30/60] A-n44-k6 qn_adaptive time=10 seed=16349: D=937.0 gap=0.00% evals=33194 10.00s ls=8132
  [31/60] A-n69-k9 qn_fixed_0.5 time=10 seed=25345: D=1169.0 gap=0.86% evals=19099 10.00s ls=4667
  [32/60] A-n69-k9 pso_0.6_1.7 time=10 seed=25345: D=1171.0 gap=1.04% evals=17840 10.00s ls=4495
  [33/60] A-n69-k9 pso_current time=10 seed=25345: D=1175.0 gap=1.38% evals=17120 10.00s ls=4313
  [34/60] A-n69-k9 qn_fixed_0.3 time=10 seed=25345: D=1169.0 gap=0.86% evals=21486 10.00s ls=5283
  [35/60] A-n69-k9 pso_0.8_1.3 time=10 seed=25345: D=1171.0 gap=1.04% evals=17106 10.00s ls=4303
  [36/60] A-n69-k9 qn_adaptive time=10 seed=25345: D=1180.0 gap=1.81% evals=16903 10.00s ls=4135
  [37/60] A-n69-k9 pso_0.8_1.3 time=10 seed=25346: D=1172.0 gap=1.12% evals=16567 10.00s ls=4172
  [38/60] A-n69-k9 pso_0.6_1.7 time=10 seed=25346: D=1166.0 gap=0.60% evals=17160 10.00s ls=4314
  [39/60] A-n69-k9 qn_adaptive time=10 seed=25346: D=1170.0 gap=0.95% evals=16895 10.00s ls=4125
  [40/60] A-n69-k9 qn_fixed_0.5 time=10 seed=25346: D=1170.0 gap=0.95% evals=18152 10.00s ls=4468
  [41/60] A-n69-k9 qn_fixed_0.3 time=10 seed=25346: D=1167.0 gap=0.69% evals=23104 10.00s ls=5636
  [42/60] A-n69-k9 pso_current time=10 seed=25346: D=1174.0 gap=1.29% evals=17484 10.00s ls=4404
  [43/60] A-n69-k9 pso_0.6_1.7 time=10 seed=25347: D=1185.0 gap=2.24% evals=16160 10.00s ls=4071
  [44/60] A-n69-k9 pso_0.8_1.3 time=10 seed=25347: D=1183.0 gap=2.07% evals=17506 10.00s ls=4404
  [45/60] A-n69-k9 qn_adaptive time=10 seed=25347: D=1173.0 gap=1.21% evals=15372 10.00s ls=3783
  [46/60] A-n69-k9 pso_current time=10 seed=25347: D=1181.0 gap=1.90% evals=14880 10.00s ls=3738
  [47/60] A-n69-k9 qn_fixed_0.5 time=10 seed=25347: D=1176.0 gap=1.47% evals=18233 10.00s ls=4475
  [48/60] A-n69-k9 qn_fixed_0.3 time=10 seed=25347: D=1174.0 gap=1.29% evals=16009 10.00s ls=3919
  [49/60] A-n69-k9 pso_0.8_1.3 time=10 seed=25348: D=1180.0 gap=1.81% evals=15240 10.00s ls=3831
  [50/60] A-n69-k9 pso_current time=10 seed=25348: D=1173.0 gap=1.21% evals=15718 10.00s ls=3950
  [51/60] A-n69-k9 pso_0.6_1.7 time=10 seed=25348: D=1189.0 gap=2.59% evals=15408 10.00s ls=3879
  [52/60] A-n69-k9 qn_adaptive time=10 seed=25348: D=1168.0 gap=0.78% evals=14988 10.00s ls=3678
  [53/60] A-n69-k9 qn_fixed_0.5 time=10 seed=25348: D=1175.0 gap=1.38% evals=15957 10.00s ls=3914
  [54/60] A-n69-k9 qn_fixed_0.3 time=10 seed=25348: D=1167.0 gap=0.69% evals=19217 10.00s ls=4706
  [55/60] A-n69-k9 qn_adaptive time=10 seed=25349: D=1180.0 gap=1.81% evals=15754 10.00s ls=3830
  [56/60] A-n69-k9 pso_0.8_1.3 time=10 seed=25349: D=1181.0 gap=1.90% evals=21120 10.00s ls=5316
  [57/60] A-n69-k9 qn_fixed_0.3 time=10 seed=25349: D=1165.0 gap=0.52% evals=29220 10.00s ls=7107
  [58/60] A-n69-k9 qn_fixed_0.5 time=10 seed=25349: D=1175.0 gap=1.38% evals=23381 10.00s ls=5733
  [59/60] A-n69-k9 pso_current time=10 seed=25349: D=1175.0 gap=1.38% evals=22400 10.00s ls=5645
  [60/60] A-n69-k9 pso_0.6_1.7 time=10 seed=25349: D=1174.0 gap=1.29% evals=22480 10.00s ls=5663
[tune_d54] done in 70 s
budget_type  budget instance         algo  runs  D_mean  gap_mean_pct  gap_best_pct  wall_s_mean
       time      10 A-n44-k6  qn_adaptive     5   937.0      0.000000      0.000000      10.0008
       time      10 A-n44-k6  pso_current     5   938.0      0.106724      0.000000      10.0008
       time      10 A-n44-k6 qn_fixed_0.5     5   938.8      0.192102      0.000000      10.0007
       time      10 A-n44-k6  pso_0.8_1.3     5   938.4      0.149413      0.000000      10.0009
       time      10 A-n44-k6  pso_0.6_1.7     5   939.0      0.213447      0.000000      10.0009
       time      10 A-n44-k6 qn_fixed_0.3     5   940.6      0.384205      0.000000      10.0008
       time      10 A-n69-k9 qn_fixed_0.5     5  1173.0      1.207940      0.862813      10.0010
       time      10 A-n69-k9  pso_0.6_1.7     5  1177.0      1.553060      0.603969      10.0010
       time      10 A-n69-k9  pso_current     5  1175.6      1.432270      1.207940      10.0010
       time      10 A-n69-k9 qn_fixed_0.3     5  1168.4      0.811044      0.517688      10.0011
       time      10 A-n69-k9  pso_0.8_1.3     5  1177.4      1.587580      1.035380      10.0010
       time      10 A-n69-k9  qn_adaptive     5  1174.2      1.311480      0.776531      10.0015

wrote:
  C:\Users\nisha\Quantum-Route-solver\results\tables\tune_d54_summary.csv
  C:\Users\nisha\Quantum-Route-solver\results\tables\tune_d54_wilcoxon.csv
  C:\Users\nisha\Quantum-Route-solver\results\tables\tune_d54_friedman.csv
  C:\Users\nisha\Quantum-Route-solver\results\tables\tune_d54_meta.json
  C:\Users\nisha\Quantum-Route-solver\results\figures\tune_d54_convergence_A-n44-k6_time10.png
  C:\Users\nisha\Quantum-Route-solver\results\figures\tune_d54_convergence_A-n69-k9_time10.png
  C:\Users\nisha\Quantum-Route-solver\results\figures\tune_d54_gap_time10.png
